<html>
<body>
<pre>
<h1>礦ision Build Log</h1>
<h2>Tool Versions:</h2>
IDE-Version: μVision V5.18.0.0
Copyright (C) 2016 ARM Ltd and ARM Germany GmbH. All rights reserved.
License Information: c AutoBVT, Microsoft, LIC=----
 
Tool Versions:
Toolchain:       MDK-Lite  Version: 5.18
Toolchain Path:  D:\SOFTWARE\keil5 mdk(unraveled)\ARM\ARMCC\Bin
C Compiler:      Armcc.exe V5.06 update 1 (build 61)
Assembler:       Armasm.exe V5.06 update 1 (build 61)
Linker/Locator:  ArmLink.exe V5.06 update 1 (build 61)
Library Manager: ArmAr.exe V5.06 update 1 (build 61)
Hex Converter:   FromElf.exe V5.06 update 1 (build 61)
CPU DLL:         SARMCM3.DLL V5.18
Dialog DLL:      DCM.DLL V1.13.6.0
Target DLL:      STLink\ST-LINKIII-KEIL_SWO.dll V2.0.18.0
Dialog DLL:      TCM.DLL V1.14.8.0
 
<h2>Project:</h2>
E:\双水相\CODE_BY_CZN\11.5双水相程序 OK\（11.5）Nucleic acid extraction_STM32F4\USER\DAC.uvprojx
Project File Date:  12/11/2020

<h2>Output:</h2>
*** Using Compiler 'V5.06 update 1 (build 61)', folder: 'D:\SOFTWARE\keil5 mdk(unraveled)\ARM\ARMCC\Bin'
Build target 'DAC'
compiling main.c...
main.c(30): warning:  #520-D: initialization with "{...}" expected for aggregate object
  u8 turn_num[6]=0;
main.c(276): warning:  #223-D: function "EXTIX1_Init" declared implicitly
  											EXTIX1_Init();
main.c(286): warning:  #167-D: argument of type "u8 *" is incompatible with parameter of type "char *restrict"
  												sprintf(turn_num,"%d",turnnum);
main.c(306): warning:  #167-D: argument of type "u8 *" is incompatible with parameter of type "char *restrict"
  													sprintf(turn_num,"%d",turnnum);
main.c(314): warning:  #167-D: argument of type "u8 *" is incompatible with parameter of type "char *restrict"
  													sprintf(turn_num,"%d",turnnum);
main.c(320): warning:  #175-D: subscript out of range
  											turn_num[6]=0;
main.c: 6 warnings, 0 errors
linking...
Program Size: Code=25606 RO-data=978 RW-data=160 ZI-data=3032  
FromELF: creating hex file...
"..\OBJ\DAC.axf" - 0 Error(s), 6 Warning(s).

<h2>Collection of Component include folders:</h2>
  E:\双水相\CODE_BY_CZN\11.5双水相程序 OK\（11.5）Nucleic acid extraction_STM32F4\USER\RTE
  D:\SOFTWARE\keil5 mdk(unraveled)\ARM\PACK\Keil\STM32F4xx_DFP\2.13.0\Drivers\CMSIS\Device\ST\STM32F4xx\Include

<h2>Collection of Component Files used:</h2>
Build Time Elapsed:  00:00:03
</pre>
</body>
</html>
