Component: ARM Compiler 5.06 update 1 (build 61) Tool: armlink [4d35a8]

==============================================================================

Section Cross References

    main.o(.text) refers to _printf_percent.o(.ARM.Collect$$_printf_percent$$00000000) for _printf_percent
    main.o(.text) refers to _printf_d.o(.ARM.Collect$$_printf_percent$$00000009) for _printf_d
    main.o(.text) refers to _printf_dec.o(.text) for _printf_int_dec
    main.o(.text) refers to system_stm32f4xx.o(.text) for SystemInit
    main.o(.text) refers to gpio.o(.text) for GPIO_init
    main.o(.text) refers to stm32f4xx_gpio.o(.text) for GPIO_ResetBits
    main.o(.text) refers to exti.o(.text) for EXTIX_Init
    main.o(.text) refers to delay.o(.text) for delay_init
    main.o(.text) refers to myiic.o(.text) for IIC_Init
    main.o(.text) refers to dac.o(.text) for Dac1_Init
    main.o(.text) refers to adc.o(.text) for Adc_Init
    main.o(.text) refers to timer.o(.text) for TIM3_Int_Init
    main.o(.text) refers to lcd16032.o(.text) for Lcds_Config
    main.o(.text) refers to usart3.o(.text) for usart3_init
    main.o(.text) refers to usart.o(.text) for uart_init
    main.o(.text) refers to stm32f4xx_usart.o(.text) for USART_ClearITPendingBit
    main.o(.text) refers to stm32f4xx_tim.o(.text) for TIM_Cmd
    main.o(.text) refers to main.o(.data) for start
    main.o(.text) refers to __2sprintf.o(.text) for __2sprintf
    system_stm32f4xx.o(.text) refers to system_stm32f4xx.o(.data) for SystemCoreClock
    gpio.o(.text) refers to stm32f4xx_rcc.o(.text) for RCC_AHB1PeriphClockCmd
    gpio.o(.text) refers to stm32f4xx_gpio.o(.text) for GPIO_Init
    adc.o(.text) refers to stm32f4xx_rcc.o(.text) for RCC_AHB1PeriphClockCmd
    adc.o(.text) refers to stm32f4xx_gpio.o(.text) for GPIO_Init
    adc.o(.text) refers to stm32f4xx_adc.o(.text) for ADC_CommonInit
    adc.o(.text) refers to delay.o(.text) for delay_ms
    dac.o(.text) refers to stm32f4xx_rcc.o(.text) for RCC_AHB1PeriphClockCmd
    dac.o(.text) refers to stm32f4xx_gpio.o(.text) for GPIO_Init
    dac.o(.text) refers to stm32f4xx_dac.o(.text) for DAC_Init
    dac.o(.text) refers to dflt_clz.o(x$fpl$dfltu) for __aeabi_ui2d
    dac.o(.text) refers to ddiv.o(x$fpl$ddiv) for __aeabi_ddiv
    dac.o(.text) refers to dmul.o(x$fpl$dmul) for __aeabi_dmul
    dac.o(.text) refers to dfixu.o(x$fpl$dfixu) for __aeabi_d2uiz
    exti.o(.text) refers to stm32f4xx_rcc.o(.text) for RCC_APB2PeriphClockCmd
    exti.o(.text) refers to misc.o(.text) for NVIC_PriorityGroupConfig
    exti.o(.text) refers to stm32f4xx_syscfg.o(.text) for SYSCFG_EXTILineConfig
    exti.o(.text) refers to stm32f4xx_exti.o(.text) for EXTI_Init
    exti.o(.text) refers to delay.o(.text) for delay_ms
    exti.o(.text) refers to stm32f4xx_gpio.o(.text) for GPIO_ReadInputDataBit
    exti.o(.text) refers to main.o(.data) for start
    myiic.o(.text) refers to stm32f4xx_rcc.o(.text) for RCC_AHB1PeriphClockCmd
    myiic.o(.text) refers to stm32f4xx_gpio.o(.text) for GPIO_Init
    myiic.o(.text) refers to delay.o(.text) for delay_us
    lcd16032.o(.text) refers to stm32f4xx_gpio.o(.text) for GPIO_SetBits
    lcd16032.o(.text) refers to delay.o(.text) for delay_ms
    lcd16032.o(.text) refers to stm32f4xx_rcc.o(.text) for RCC_AHB1PeriphClockCmd
    lcd16032.o(.text) refers to strlen.o(.text) for strlen
    timer.o(.text) refers to _printf_percent.o(.ARM.Collect$$_printf_percent$$00000000) for _printf_percent
    timer.o(.text) refers to _printf_f.o(.ARM.Collect$$_printf_percent$$00000003) for _printf_f
    timer.o(.text) refers to printf1.o(x$fpl$printf1) for _printf_fp_dec
    timer.o(.text) refers to stm32f4xx_rcc.o(.text) for RCC_APB1PeriphClockCmd
    timer.o(.text) refers to stm32f4xx_tim.o(.text) for TIM_TimeBaseInit
    timer.o(.text) refers to misc.o(.text) for NVIC_PriorityGroupConfig
    timer.o(.text) refers to stm32f4xx_usart.o(.text) for USART_SendData
    timer.o(.text) refers to f2d.o(x$fpl$f2d) for __aeabi_f2d
    timer.o(.text) refers to __2sprintf.o(.text) for __2sprintf
    timer.o(.text) refers to dflt_clz.o(x$fpl$dflt) for __aeabi_i2d
    timer.o(.text) refers to ddiv.o(x$fpl$ddiv) for __aeabi_ddiv
    timer.o(.text) refers to d2f.o(x$fpl$d2f) for __aeabi_d2f
    timer.o(.text) refers to stm32f4xx_gpio.o(.text) for GPIO_Init
    timer.o(.text) refers to main.o(.data) for check
    usart3.o(.text) refers to stm32f4xx_usart.o(.text) for USART_GetITStatus
    usart3.o(.text) refers to dflt_clz.o(x$fpl$dflt) for __aeabi_i2d
    usart3.o(.text) refers to ddiv.o(x$fpl$ddiv) for __aeabi_ddiv
    usart3.o(.text) refers to d2f.o(x$fpl$d2f) for __aeabi_d2f
    usart3.o(.text) refers to stm32f4xx_rcc.o(.text) for RCC_AHB1PeriphClockCmd
    usart3.o(.text) refers to stm32f4xx_gpio.o(.text) for GPIO_PinAFConfig
    usart3.o(.text) refers to main.o(.data) for Global_c
    usart3.o(.text) refers to misc.o(.text) for NVIC_PriorityGroupConfig
    usart3.o(.text) refers to vsprintf.o(.text) for vsprintf
[...]
    Heap_Mem                                 0x20000678   Data         512  startup_stm32f40_41xxx.o(HEAP)
    STACK                                    0x20000878   Section     1024  startup_stm32f40_41xxx.o(STACK)
    Stack_Mem                                0x20000878   Data        1024  startup_stm32f40_41xxx.o(STACK)
    __initial_sp                             0x20000c78   Data           0  startup_stm32f40_41xxx.o(STACK)

    Global Symbols

    Symbol Name                              Value     Ov Type        Size  Object(Section)

    BuildAttributes$$THM_ISAv4$E$P$D$K$B$S$7EM$VFPi3$EXTD16$VFPS$VFMA$PE$A:L22UL41UL21$X:L11$S22US41US21$IEEE1$IW$USESV6$~STKCKD$USESV7$~SHL$OTIME$ROPI$IEEEJ$EBA8$UX$STANDARDLIB$REQ8$PRES8$EABIv2 0x00000000   Number         0  anon$$obj.o ABSOLUTE
    __ARM_use_no_argv                        0x00000000   Number         0  main.o ABSOLUTE
    _printf_flags                            0x00000000   Number         0  printf_stubs.o ABSOLUTE
    _printf_return_value                     0x00000000   Number         0  printf_stubs.o ABSOLUTE
    _printf_sizespec                         0x00000000   Number         0  printf_stubs.o ABSOLUTE
    _printf_widthprec                        0x00000000   Number         0  printf_stubs.o ABSOLUTE
    __ARM_exceptions_init                     - Undefined Weak Reference
    __alloca_initialize                       - Undefined Weak Reference
    __arm_preinit_                            - Undefined Weak Reference
    __cpp_initialize__aeabi_                  - Undefined Weak Reference
    __cxa_finalize                            - Undefined Weak Reference
    __sigvec_lookup                           - Undefined Weak Reference
    _atexit_init                              - Undefined Weak Reference
    _call_atexit_fns                          - Undefined Weak Reference
    _clock_init                               - Undefined Weak Reference
    _fp_trap_init                             - Undefined Weak Reference
    _fp_trap_shutdown                         - Undefined Weak Reference
    _get_lc_collate                           - Undefined Weak Reference
    _get_lc_monetary                          - Undefined Weak Reference
    _get_lc_time                              - Undefined Weak Reference
    _getenv_init                              - Undefined Weak Reference
    _handle_redirection                       - Undefined Weak Reference
    _init_alloc                               - Undefined Weak Reference
    _init_user_alloc                          - Undefined Weak Reference
    _initio                                   - Undefined Weak Reference
    _printf_mbtowc                            - Undefined Weak Reference
    _printf_wc                                - Undefined Weak Reference
    _rand_init                                - Undefined Weak Reference
    _signal_finish                            - Undefined Weak Reference
    _signal_init                              - Undefined Weak Reference
    _terminate_alloc                          - Undefined Weak Reference
    _terminate_user_alloc                     - Undefined Weak Reference
    _terminateio                              - Undefined Weak Reference
    __Vectors_Size                           0x00000188   Number         0  startup_stm32f40_41xxx.o ABSOLUTE
    __Vectors                                0x08000000   Data           4  startup_stm32f40_41xxx.o(RESET)
    __Vectors_End                            0x08000188   Data           0  startup_stm32f40_41xxx.o(RESET)
    __main                                   0x08000189   Thumb Code     8  __main.o(!!!main)
    __scatterload                            0x08000191   Thumb Code     0  __scatter.o(!!!scatter)
    __scatterload_rt2                        0x08000191   Thumb Code    44  __scatter.o(!!!scatter)
    __scatterload_rt2_thumb_only             0x08000191   Thumb Code     0  __scatter.o(!!!scatter)
    __scatterload_null                       0x0800019f   Thumb Code     0  __scatter.o(!!!scatter)
    __scatterload_copy                       0x080001c5   Thumb Code    26  __scatter_copy.o(!!handler_copy)
    __scatterload_zeroinit                   0x080001e1   Thumb Code    28  __scatter_zi.o(!!handler_zi)
    _printf_n                                0x080001fd   Thumb Code     0  _printf_n.o(.ARM.Collect$$_printf_percent$$00000001)
    _printf_percent                          0x080001fd   Thumb Code     0  _printf_percent.o(.ARM.Collect$$_printf_percent$$00000000)
    _printf_p                                0x08000203   Thumb Code     0  _printf_p.o(.ARM.Collect$$_printf_percent$$00000002)
    _printf_f                                0x08000209   Thumb Code     0  _printf_f.o(.ARM.Collect$$_printf_percent$$00000003)
    _printf_e                                0x0800020f   Thumb Code     0  _printf_e.o(.ARM.Collect$$_printf_percent$$00000004)
    _printf_g                                0x08000215   Thumb Code     0  _printf_g.o(.ARM.Collect$$_printf_percent$$00000005)
    _printf_a                                0x0800021b   Thumb Code     0  _printf_a.o(.ARM.Collect$$_printf_percent$$00000006)
    _printf_ll                               0x08000221   Thumb Code     0  _printf_ll.o(.ARM.Collect$$_printf_percent$$00000007)
    _printf_i                                0x0800022b   Thumb Code     0  _printf_i.o(.ARM.Collect$$_printf_percent$$00000008)
    _printf_d                                0x08000231   Thumb Code     0  _printf_d.o(.ARM.Collect$$_printf_percent$$00000009)
    _printf_u                                0x08000237   Thumb Code     0  _printf_u.o(.ARM.Collect$$_printf_percent$$0000000A)
    _printf_o                                0x0800023d   Thumb Code     0  _printf_o.o(.ARM.Collect$$_printf_percent$$0000000B)
    _printf_x                                0x08000243   Thumb Code     0  _printf_x.o(.ARM.Collect$$_printf_percent$$0000000C)
    _printf_lli                              0x08000249   Thumb Code     0  _printf_lli.o(.ARM.Collect$$_printf_percent$$0000000D)
    _printf_lld                              0x0800024f   Thumb Code     0  _printf_lld.o(.ARM.Collect$$_printf_percent$$0000000E)
    _printf_llu                              0x08000255   Thumb Code     0  _printf_llu.o(.ARM.Collect$$_printf_percent$$0000000F)
    _printf_llo                              0x0800025b   Thumb Code     0  _printf_llo.o(.ARM.Collect$$_printf_percent$$00000010)
    _printf_llx                              0x08000261   Thumb Code     0  _printf_llx.o(.ARM.Collect$$_printf_percent$$00000011)
    _printf_l                                0x08000267   Thumb Code     0  _printf_l.o(.ARM.Collect$$_printf_percent$$00000012)
    _printf_c                                0x08000271   Thumb Code     0  _printf_c.o(.ARM.Collect$$_printf_percent$$00000013)
    _printf_s                                0x08000277   Thumb Code     0  _printf_s.o(.ARM.Collect$$_printf_percent$$00000014)
    _printf_lc                               0x0800027d   Thumb Code     0  _printf_lc.o(.ARM.Collect$$_printf_percent$$00000015)
    _printf_ls                               0x08000283   Thumb Code     0  _printf_ls.o(.ARM.Collect$$_printf_percent$$00000016)
    _printf_percent_end                      0x08000289   Thumb Code     0  _printf_percent_end.o(.ARM.Collect$$_printf_percent$$00000017)
    __rt_lib_init                            0x0800028d   Thumb Code     0  libinit.o(.ARM.Collect$$libinit$$00000000)
    __rt_lib_init_fp_1                       0x0800028f   Thumb Code     0  libinit2.o(.ARM.Collect$$libinit$$00000001)
    __rt_lib_init_heap_1                     0x08000293   Thumb Code     0  libinit2.o(.ARM.Collect$$libinit$$0000000A)
    __rt_lib_init_lc_common                  0x08000293   Thumb Code     0  libinit2.o(.ARM.Collect$$libinit$$0000000F)
    __rt_lib_init_preinit_1                  0x08000293   Thumb Code     0  libinit2.o(.ARM.Collect$$libinit$$00000004)
    __rt_lib_init_rand_1                     0x08000293   Thumb Code     0  libinit2.o(.ARM.Collect$$libinit$$0000000E)
    __rt_lib_init_user_alloc_1               0x08000293   Thumb Code     0  libinit2.o(.ARM.Collect$$libinit$$0000000C)
    __rt_lib_init_lc_collate_1               0x08000299   Thumb Code     0  libinit2.o(.ARM.Collect$$libinit$$00000011)
    __rt_lib_init_lc_ctype_2                 0x08000299   Thumb Code     0  libinit2.o(.ARM.Collect$$libinit$$00000012)
    __rt_lib_init_lc_ctype_1                 0x080002a5   Thumb Code     0  libinit2.o(.ARM.Collect$$libinit$$00000013)
    __rt_lib_init_lc_monetary_1              0x080002a5   Thumb Code     0  libinit2.o(.ARM.Collect$$libinit$$00000015)
    __rt_lib_init_lc_numeric_2               0x080002a5   Thumb Code     0  libinit2.o(.ARM.Collect$$libinit$$00000016)
    __rt_lib_init_alloca_1                   0x080002af   Thumb Code     0  libinit2.o(.ARM.Collect$$libinit$$0000002E)
    __rt_lib_init_argv_1                     0x080002af   Thumb Code     0  libinit2.o(.ARM.Collect$$libinit$$0000002C)
    __rt_lib_init_atexit_1                   0x080002af   Thumb Code     0  libinit2.o(.ARM.Collect$$libinit$$0000001B)
    __rt_lib_init_clock_1                    0x080002af   Thumb Code     0  libinit2.o(.ARM.Collect$$libinit$$00000021)
    __rt_lib_init_cpp_1                      0x080002af   Thumb Code     0  libinit2.o(.ARM.Collect$$libinit$$00000032)
    __rt_lib_init_exceptions_1               0x080002af   Thumb Code     0  libinit2.o(.ARM.Collect$$libinit$$00000030)
    __rt_lib_init_fp_trap_1                  0x080002af   Thumb Code     0  libinit2.o(.ARM.Collect$$libinit$$0000001F)
    __rt_lib_init_getenv_1                   0x080002af   Thumb Code     0  libinit2.o(.ARM.Collect$$libinit$$00000023)
    __rt_lib_init_lc_numeric_1               0x080002af   Thumb Code     0  libinit2.o(.ARM.Collect$$libinit$$00000017)
    __rt_lib_init_lc_time_1                  0x080002af   Thumb Code     0  libinit2.o(.ARM.Collect$$libinit$$00000019)
    __rt_lib_init_return                     0x080002af   Thumb Code     0  libinit2.o(.ARM.Collect$$libinit$$00000033)
    __rt_lib_init_signal_1                   0x080002af   Thumb Code     0  libinit2.o(.ARM.Collect$$libinit$$0000001D)
    __rt_lib_init_stdio_1                    0x080002af   Thumb Code     0  libinit2.o(.ARM.Collect$$libinit$$00000025)
    __rt_lib_shutdown                        0x080002b1   Thumb Code     0  libshutdown.o(.ARM.Collect$$libshutdown$$00000000)
    __rt_lib_shutdown_cpp_1                  0x080002b3   Thumb Code     0  libshutdown2.o(.ARM.Collect$$libshutdown$$00000002)
    __rt_lib_shutdown_fp_trap_1              0x080002b3   Thumb Code     0  libshutdown2.o(.ARM.Collect$$libshutdown$$00000007)
    __rt_lib_shutdown_heap_1                 0x080002b3   Thumb Code     0  libshutdown2.o(.ARM.Collect$$libshutdown$$0000000F)
    __rt_lib_shutdown_return                 0x080002b3   Thumb Code     0  libshutdown2.o(.ARM.Collect$$libshutdown$$00000010)
    __rt_lib_shutdown_signal_1               0x080002b3   Thumb Code     0  libshutdown2.o(.ARM.Collect$$libshutdown$$0000000A)
    __rt_lib_shutdown_stdio_1                0x080002b3   Thumb Code     0  libshutdown2.o(.ARM.Collect$$libshutdown$$00000004)
    __rt_lib_shutdown_user_alloc_1           0x080002b3   Thumb Code     0  libshutdown2.o(.ARM.Collect$$libshutdown$$0000000C)
    __rt_entry                               0x080002b5   Thumb Code     0  __rtentry.o(.ARM.Collect$$rtentry$$00000000)
    __rt_entry_presh_1                       0x080002b5   Thumb Code     0  __rtentry2.o(.ARM.Collect$$rtentry$$00000002)
    __rt_entry_sh                            0x080002b5   Thumb Code     0  __rtentry4.o(.ARM.Collect$$rtentry$$00000004)
    __rt_entry_li                            0x080002bb   Thumb Code     0  __rtentry2.o(.ARM.Collect$$rtentry$$0000000A)
    __rt_entry_postsh_1                      0x080002bb   Thumb Code     0  __rtentry2.o(.ARM.Collect$$rtentry$$00000009)
    __rt_entry_main                          0x080002bf   Thumb Code     0  __rtentry2.o(.ARM.Collect$$rtentry$$0000000D)
    __rt_entry_postli_1                      0x080002bf   Thumb Code     0  __rtentry2.o(.ARM.Collect$$rtentry$$0000000C)
    __rt_exit                                0x080002c7   Thumb Code     0  rtexit.o(.ARM.Collect$$rtexit$$00000000)
    __rt_exit_ls                             0x080002c9   Thumb Code     0  rtexit2.o(.ARM.Collect$$rtexit$$00000003)
    __rt_exit_prels_1                        0x080002c9   Thumb Code     0  rtexit2.o(.ARM.Collect$$rtexit$$00000002)
    __rt_exit_exit                           0x080002cd   Thumb Code     0  rtexit2.o(.ARM.Collect$$rtexit$$00000004)
    main                                     0x080002d5   Thumb Code  1804  main.o(.text)
    NMI_Handler                              0x08000a65   Thumb Code     2  stm32f4xx_it.o(.text)
    HardFault_Handler                        0x08000a67   Thumb Code     4  stm32f4xx_it.o(.text)
    MemManage_Handler                        0x08000a6b   Thumb Code     4  stm32f4xx_it.o(.text)
    BusFault_Handler                         0x08000a6f   Thumb Code     4  stm32f4xx_it.o(.text)
    UsageFault_Handler                       0x08000a73   Thumb Code     4  stm32f4xx_it.o(.text)
    SVC_Handler                              0x08000a77   Thumb Code     2  stm32f4xx_it.o(.text)
    DebugMon_Handler                         0x08000a79   Thumb Code     2  stm32f4xx_it.o(.text)
    PendSV_Handler                           0x08000a7b   Thumb Code     2  stm32f4xx_it.o(.text)
    SysTick_Handler                          0x08000a7d   Thumb Code     2  stm32f4xx_it.o(.text)
    SystemInit                               0x08000b5d   Thumb Code    88  system_stm32f4xx.o(.text)
    SystemCoreClockUpdate                    0x08000bb5   Thumb Code   174  system_stm32f4xx.o(.text)
    GPIO_init                                0x08000c91   Thumb Code   232  gpio.o(.text)
    LEDALL_ON                                0x08000d79   Thumb Code    42  gpio.o(.text)
    LEDALL_OFF                               0x08000da3   Thumb Code    42  gpio.o(.text)
    Adc_Init                                 0x08000de1   Thumb Code   172  adc.o(.text)
    Get_Adc                                  0x08000e8d   Thumb Code    32  adc.o(.text)
    Get_Adc_Average                          0x08000ead   Thumb Code    46  adc.o(.text)
    Dac1_Init                                0x08000ee5   Thumb Code    84  dac.o(.text)
    Dac1_Set_Vol                             0x08000f39   Thumb Code    98  dac.o(.text)
    EXTIX_Init                               0x08000fb9   Thumb Code    84  exti.o(.text)
    EXTIX1_Init                              0x0800100d   Thumb Code    66  exti.o(.text)
    EXTIX1_NVIC_DiInit                       0x0800104f   Thumb Code    32  exti.o(.text)
    EXTI4_IRQHandler                         0x0800106f   Thumb Code    40  exti.o(.text)
    EXTI9_5_IRQHandler                       0x08001097   Thumb Code    38  exti.o(.text)
    IIC_Init                                 0x080010cd   Thumb Code    56  myiic.o(.text)
    IIC_Start                                0x08001105   Thumb Code    64  myiic.o(.text)
    IIC_Stop                                 0x08001145   Thumb Code    66  myiic.o(.text)
    IIC_Wait_Ack                             0x08001187   Thumb Code    82  myiic.o(.text)
    IIC_Ack                                  0x080011d9   Thumb Code    70  myiic.o(.text)
    IIC_NAck                                 0x0800121f   Thumb Code    70  myiic.o(.text)
    IIC_Send_Byte                            0x08001265   Thumb Code   104  myiic.o(.text)
    IIC_Read_Byte                            0x080012cd   Thumb Code    96  myiic.o(.text)
    lcd16032_send_byte                       0x08001339   Thumb Code   106  lcd16032.o(.text)
    Lcds_Config                              0x080013a3   Thumb Code    50  lcd16032.o(.text)
    lcd16032_read_byte                       0x080013d5   Thumb Code    72  lcd16032.o(.text)
    lcd16032_read_busy                       0x0800141d   Thumb Code    36  lcd16032.o(.text)
    lcd16032_write_cmd                       0x08001441   Thumb Code   140  lcd16032.o(.text)
    lcd16032_write_data                      0x080014cd   Thumb Code   140  lcd16032.o(.text)
    lcd16032_set_xy                          0x08001559   Thumb Code    50  lcd16032.o(.text)
    lcd16032_init                            0x0800158b   Thumb Code    56  lcd16032.o(.text)
    lcd16032_send_char                       0x080015c3   Thumb Code    12  lcd16032.o(.text)
    lcd16032_show_char                       0x080015cf   Thumb Code    24  lcd16032.o(.text)
    lcd16032_send_string                     0x080015e7   Thumb Code    42  lcd16032.o(.text)
    lcd16032_show_string                     0x08001611   Thumb Code   172  lcd16032.o(.text)
    TIM2_Int_Init                            0x080016c1   Thumb Code    70  timer.o(.text)
    NVIC_Configuration_TIM2                  0x08001707   Thumb Code    38  timer.o(.text)
    TIM2_IRQHandler                          0x0800172d   Thumb Code   178  timer.o(.text)
    TIM3_Int_Init                            0x080017df   Thumb Code    88  timer.o(.text)
    TIM3_IRQHandler                          0x08001837   Thumb Code   536  timer.o(.text)
    TIM3_PWM_Init                            0x08001a4f   Thumb Code   138  timer.o(.text)
    GetKey3                                  0x08001b25   Thumb Code    36  usart3.o(.text)
    USART3_IRQHandler                        0x08001b49   Thumb Code   872  usart3.o(.text)
    usart3_init                              0x08001eb1   Thumb Code   236  usart3.o(.text)
    NVIC_Configuration_USART3                0x08001f9d   Thumb Code    40  usart3.o(.text)
    u3_printf                                0x08001fc5   Thumb Code    72  usart3.o(.text)
    delay_init                               0x08002015   Thumb Code    52  delay.o(.text)
    delay_us                                 0x08002049   Thumb Code    72  delay.o(.text)
    delay_xms                                0x08002091   Thumb Code    72  delay.o(.text)
    delay_ms                                 0x080020d9   Thumb Code    56  delay.o(.text)
    _sys_exit                                0x08002119   Thumb Code     4  usart.o(.text)
    fputc                                    0x0800211d   Thumb Code    22  usart.o(.text)
    uart_init                                0x08002133   Thumb Code   164  usart.o(.text)
    USART1_IRQHandler                        0x080021d7   Thumb Code   122  usart.o(.text)
    Reset_Handler                            0x08002261   Thumb Code     8  startup_stm32f40_41xxx.o(.text)
    ADC_IRQHandler                           0x0800227b   Thumb Code     0  startup_stm32f40_41xxx.o(.text)
    CAN1_RX0_IRQHandler                      0x0800227b   Thumb Code     0  startup_stm32f40_41xxx.o(.text)
    CAN1_RX1_IRQHandler                      0x0800227b   Thumb Code     0  startup_stm32f40_41xxx.o(.text)
    CAN1_SCE_IRQHandler                      0x0800227b   Thumb Code     0  startup_stm32f40_41xxx.o(.text)
    CAN1_TX_IRQHandler                       0x0800227b   Thumb Code     0  startup_stm32f40_41xxx.o(.text)
    CAN2_RX0_IRQHandler                      0x0800227b   Thumb Code     0  startup_stm32f40_41xxx.o(.text)
    CAN2_RX1_IRQHandler                      0x0800227b   Thumb Code     0  startup_stm32f40_41xxx.o(.text)
    CAN2_SCE_IRQHandler                      0x0800227b   Thumb Code     0  startup_stm32f40_41xxx.o(.text)
    CAN2_TX_IRQHandler                       0x0800227b   Thumb Code     0  startup_stm32f40_41xxx.o(.text)
    CRYP_IRQHandler                          0x0800227b   Thumb Code     0  startup_stm32f40_41xxx.o(.text)
    DCMI_IRQHandler                          0x0800227b   Thumb Code     0  startup_stm32f40_41xxx.o(.text)
    DMA1_Stream0_IRQHandler                  0x0800227b   Thumb Code     0  startup_stm32f40_41xxx.o(.text)
    DMA1_Stream1_IRQHandler                  0x0800227b   Thumb Code     0  startup_stm32f40_41xxx.o(.text)
    DMA1_Stream2_IRQHandler                  0x0800227b   Thumb Code     0  startup_stm32f40_41xxx.o(.text)
    DMA1_Stream3_IRQHandler                  0x0800227b   Thumb Code     0  startup_stm32f40_41xxx.o(.text)
    DMA1_Stream4_IRQHandler                  0x0800227b   Thumb Code     0  startup_stm32f40_41xxx.o(.text)
    DMA1_Stream5_IRQHandler                  0x0800227b   Thumb Code     0  startup_stm32f40_41xxx.o(.text)
    DMA1_Stream6_IRQHandler                  0x0800227b   Thumb Code     0  startup_stm32f40_41xxx.o(.text)
    DMA1_Stream7_IRQHandler                  0x0800227b   Thumb Code     0  startup_stm32f40_41xxx.o(.text)
    DMA2_Stream0_IRQHandler                  0x0800227b   Thumb Code     0  startup_stm32f40_41xxx.o(.text)
    DMA2_Stream1_IRQHandler                  0x0800227b   Thumb Code     0  startup_stm32f40_41xxx.o(.text)
    DMA2_Stream2_IRQHandler                  0x0800227b   Thumb Code     0  startup_stm32f40_41xxx.o(.text)
    DMA2_Stream3_IRQHandler                  0x0800227b   Thumb Code     0  startup_stm32f40_41xxx.o(.text)
    DMA2_Stream4_IRQHandler                  0x0800227b   Thumb Code     0  startup_stm32f40_41xxx.o(.text)
    DMA2_Stream5_IRQHandler                  0x0800227b   Thumb Code     0  startup_stm32f40_41xxx.o(.text)
    DMA2_Stream6_IRQHandler                  0x0800227b   Thumb Code     0  startup_stm32f40_41xxx.o(.text)
    DMA2_Stream7_IRQHandler                  0x0800227b   Thumb Code     0  startup_stm32f40_41xxx.o(.text)
    ETH_IRQHandler                           0x0800227b   Thumb Code     0  startup_stm32f40_41xxx.o(.text)
    ETH_WKUP_IRQHandler                      0x0800227b   Thumb Code     0  startup_stm32f40_41xxx.o(.text)
    EXTI0_IRQHandler                         0x0800227b   Thumb Code     0  startup_stm32f40_41xxx.o(.text)
    EXTI15_10_IRQHandler                     0x0800227b   Thumb Code     0  startup_stm32f40_41xxx.o(.text)
    EXTI1_IRQHandler                         0x0800227b   Thumb Code     0  startup_stm32f40_41xxx.o(.text)
    EXTI2_IRQHandler                         0x0800227b   Thumb Code     0  startup_stm32f40_41xxx.o(.text)
    EXTI3_IRQHandler                         0x0800227b   Thumb Code     0  startup_stm32f40_41xxx.o(.text)
    FLASH_IRQHandler                         0x0800227b   Thumb Code     0  startup_stm32f40_41xxx.o(.text)
    FPU_IRQHandler                           0x0800227b   Thumb Code     0  startup_stm32f40_41xxx.o(.text)
    FSMC_IRQHandler                          0x0800227b   Thumb Code     0  startup_stm32f40_41xxx.o(.text)
    HASH_RNG_IRQHandler                      0x0800227b   Thumb Code     0  startup_stm32f40_41xxx.o(.text)
    I2C1_ER_IRQHandler                       0x0800227b   Thumb Code     0  startup_stm32f40_41xxx.o(.text)
    I2C1_EV_IRQHandler                       0x0800227b   Thumb Code     0  startup_stm32f40_41xxx.o(.text)
    I2C2_ER_IRQHandler                       0x0800227b   Thumb Code     0  startup_stm32f40_41xxx.o(.text)
    I2C2_EV_IRQHandler                       0x0800227b   Thumb Code     0  startup_stm32f40_41xxx.o(.text)
    I2C3_ER_IRQHandler                       0x0800227b   Thumb Code     0  startup_stm32f40_41xxx.o(.text)
    I2C3_EV_IRQHandler                       0x0800227b   Thumb Code     0  startup_stm32f40_41xxx.o(.text)
    OTG_FS_IRQHandler                        0x0800227b   Thumb Code     0  startup_stm32f40_41xxx.o(.text)
    OTG_FS_WKUP_IRQHandler                   0x0800227b   Thumb Code     0  startup_stm32f40_41xxx.o(.text)
    OTG_HS_EP1_IN_IRQHandler                 0x0800227b   Thumb Code     0  startup_stm32f40_41xxx.o(.text)
    OTG_HS_EP1_OUT_IRQHandler                0x0800227b   Thumb Code     0  startup_stm32f40_41xxx.o(.text)
    OTG_HS_IRQHandler                        0x0800227b   Thumb Code     0  startup_stm32f40_41xxx.o(.text)
    OTG_HS_WKUP_IRQHandler                   0x0800227b   Thumb Code     0  startup_stm32f40_41xxx.o(.text)
    PVD_IRQHandler                           0x0800227b   Thumb Code     0  startup_stm32f40_41xxx.o(.text)
    RCC_IRQHandler                           0x0800227b   Thumb Code     0  startup_stm32f40_41xxx.o(.text)
    RTC_Alarm_IRQHandler                     0x0800227b   Thumb Code     0  startup_stm32f40_41xxx.o(.text)
    RTC_WKUP_IRQHandler                      0x0800227b   Thumb Code     0  startup_stm32f40_41xxx.o(.text)
    SDIO_IRQHandler                          0x0800227b   Thumb Code     0  startup_stm32f40_41xxx.o(.text)
    SPI1_IRQHandler                          0x0800227b   Thumb Code     0  startup_stm32f40_41xxx.o(.text)
    SPI2_IRQHandler                          0x0800227b   Thumb Code     0  startup_stm32f40_41xxx.o(.text)
    SPI3_IRQHandler                          0x0800227b   Thumb Code     0  startup_stm32f40_41xxx.o(.text)
    TAMP_STAMP_IRQHandler                    0x0800227b   Thumb Code     0  startup_stm32f40_41xxx.o(.text)
    TIM1_BRK_TIM9_IRQHandler                 0x0800227b   Thumb Code     0  startup_stm32f40_41xxx.o(.text)
    TIM1_CC_IRQHandler                       0x0800227b   Thumb Code     0  startup_stm32f40_41xxx.o(.text)
    TIM1_TRG_COM_TIM11_IRQHandler            0x0800227b   Thumb Code     0  startup_stm32f40_41xxx.o(.text)
    TIM1_UP_TIM10_IRQHandler                 0x0800227b   Thumb Code     0  startup_stm32f40_41xxx.o(.text)
    TIM4_IRQHandler                          0x0800227b   Thumb Code     0  startup_stm32f40_41xxx.o(.text)
    TIM5_IRQHandler                          0x0800227b   Thumb Code     0  startup_stm32f40_41xxx.o(.text)
    TIM6_DAC_IRQHandler                      0x0800227b   Thumb Code     0  startup_stm32f40_41xxx.o(.text)
    TIM7_IRQHandler                          0x0800227b   Thumb Code     0  startup_stm32f40_41xxx.o(.text)
    TIM8_BRK_TIM12_IRQHandler                0x0800227b   Thumb Code     0  startup_stm32f40_41xxx.o(.text)
    TIM8_CC_IRQHandler                       0x0800227b   Thumb Code     0  startup_stm32f40_41xxx.o(.text)
    TIM8_TRG_COM_TIM14_IRQHandler            0x0800227b   Thumb Code     0  startup_stm32f40_41xxx.o(.text)
    TIM8_UP_TIM13_IRQHandler                 0x0800227b   Thumb Code     0  startup_stm32f40_41xxx.o(.text)
    UART4_IRQHandler                         0x0800227b   Thumb Code     0  startup_stm32f40_41xxx.o(.text)
    UART5_IRQHandler                         0x0800227b   Thumb Code     0  startup_stm32f40_41xxx.o(.text)
    USART2_IRQHandler                        0x0800227b   Thumb Code     0  startup_stm32f40_41xxx.o(.text)
    USART6_IRQHandler                        0x0800227b   Thumb Code     0  startup_stm32f40_41xxx.o(.text)
    WWDG_IRQHandler                          0x0800227b   Thumb Code     0  startup_stm32f40_41xxx.o(.text)
    __user_initial_stackheap                 0x0800227d   Thumb Code     0  startup_stm32f40_41xxx.o(.text)
    NVIC_PriorityGroupConfig                 0x080022a1   Thumb Code    10  misc.o(.text)
    NVIC_Init                                0x080022ab   Thumb Code   106  misc.o(.text)
    NVIC_SetVectorTable                      0x08002315   Thumb Code    14  misc.o(.text)
    NVIC_SystemLPConfig                      0x08002323   Thumb Code    34  misc.o(.text)
    SysTick_CLKSourceConfig                  0x08002345   Thumb Code    40  misc.o(.text)
    ADC_DeInit                               0x08002381   Thumb Code    22  stm32f4xx_adc.o(.text)
    ADC_Init                                 0x08002397   Thumb Code    74  stm32f4xx_adc.o(.text)
    ADC_StructInit                           0x080023e1   Thumb Code    20  stm32f4xx_adc.o(.text)
    ADC_CommonInit                           0x080023f5   Thumb Code    34  stm32f4xx_adc.o(.text)
    ADC_CommonStructInit                     0x08002417   Thumb Code    12  stm32f4xx_adc.o(.text)
    ADC_Cmd                                  0x08002423   Thumb Code    22  stm32f4xx_adc.o(.text)
    ADC_AnalogWatchdogCmd                    0x08002439   Thumb Code    16  stm32f4xx_adc.o(.text)
    ADC_AnalogWatchdogThresholdsConfig       0x08002449   Thumb Code     6  stm32f4xx_adc.o(.text)
    ADC_AnalogWatchdogSingleChannelConfig    0x0800244f   Thumb Code    16  stm32f4xx_adc.o(.text)
    ADC_TempSensorVrefintCmd                 0x0800245f   Thumb Code    34  stm32f4xx_adc.o(.text)
    ADC_VBATCmd                              0x08002481   Thumb Code    34  stm32f4xx_adc.o(.text)
    ADC_RegularChannelConfig                 0x080024a3   Thumb Code   184  stm32f4xx_adc.o(.text)
    ADC_SoftwareStartConv                    0x0800255b   Thumb Code    10  stm32f4xx_adc.o(.text)
    ADC_GetSoftwareStartConvStatus           0x08002565   Thumb Code    20  stm32f4xx_adc.o(.text)
    ADC_EOCOnEachRegularChannelCmd           0x08002579   Thumb Code    22  stm32f4xx_adc.o(.text)
    ADC_ContinuousModeCmd                    0x0800258f   Thumb Code    22  stm32f4xx_adc.o(.text)
    ADC_DiscModeChannelCountConfig           0x080025a5   Thumb Code    24  stm32f4xx_adc.o(.text)
    ADC_DiscModeCmd                          0x080025bd   Thumb Code    22  stm32f4xx_adc.o(.text)
    ADC_GetConversionValue                   0x080025d3   Thumb Code     8  stm32f4xx_adc.o(.text)
    ADC_GetMultiModeConversionValue          0x080025db   Thumb Code     8  stm32f4xx_adc.o(.text)
    ADC_DMACmd                               0x080025e3   Thumb Code    22  stm32f4xx_adc.o(.text)
    ADC_DMARequestAfterLastTransferCmd       0x080025f9   Thumb Code    22  stm32f4xx_adc.o(.text)
    ADC_MultiModeDMARequestAfterLastTransferCmd 0x0800260f   Thumb Code    34  stm32f4xx_adc.o(.text)
    ADC_InjectedChannelConfig                0x08002631   Thumb Code   130  stm32f4xx_adc.o(.text)
    ADC_InjectedSequencerLengthConfig        0x080026b3   Thumb Code    24  stm32f4xx_adc.o(.text)
    ADC_SetInjectedOffset                    0x080026cb   Thumb Code    20  stm32f4xx_adc.o(.text)
    ADC_ExternalTrigInjectedConvConfig       0x080026df   Thumb Code    16  stm32f4xx_adc.o(.text)
    ADC_ExternalTrigInjectedConvEdgeConfig   0x080026ef   Thumb Code    16  stm32f4xx_adc.o(.text)
    ADC_SoftwareStartInjectedConv            0x080026ff   Thumb Code    10  stm32f4xx_adc.o(.text)
    ADC_GetSoftwareStartInjectedConvCmdStatus 0x08002709   Thumb Code    20  stm32f4xx_adc.o(.text)
    ADC_AutoInjectedConvCmd                  0x0800271d   Thumb Code    22  stm32f4xx_adc.o(.text)
    ADC_InjectedDiscModeCmd                  0x08002733   Thumb Code    22  stm32f4xx_adc.o(.text)
    ADC_GetInjectedConversionValue           0x08002749   Thumb Code    28  stm32f4xx_adc.o(.text)
    ADC_ITConfig                             0x08002765   Thumb Code    56  stm32f4xx_adc.o(.text)
    ADC_GetFlagStatus                        0x0800279d   Thumb Code    18  stm32f4xx_adc.o(.text)
    ADC_ClearFlag                            0x080027af   Thumb Code     6  stm32f4xx_adc.o(.text)
    ADC_GetITStatus                          0x080027b5   Thumb Code    38  stm32f4xx_adc.o(.text)
    ADC_ClearITPendingBit                    0x080027db   Thumb Code    10  stm32f4xx_adc.o(.text)
    DAC_DeInit                               0x080027e5   Thumb Code    22  stm32f4xx_dac.o(.text)
    DAC_Init                                 0x080027fb   Thumb Code    46  stm32f4xx_dac.o(.text)
    DAC_StructInit                           0x08002829   Thumb Code    12  stm32f4xx_dac.o(.text)
    DAC_Cmd                                  0x08002835   Thumb Code    34  stm32f4xx_dac.o(.text)
    DAC_SoftwareTriggerCmd                   0x08002857   Thumb Code    48  stm32f4xx_dac.o(.text)
    DAC_DualSoftwareTriggerCmd               0x08002887   Thumb Code    38  stm32f4xx_dac.o(.text)
    DAC_WaveGenerationCmd                    0x080028ad   Thumb Code    36  stm32f4xx_dac.o(.text)
    DAC_SetChannel1Data                      0x080028d1   Thumb Code    26  stm32f4xx_dac.o(.text)
    DAC_SetChannel2Data                      0x080028eb   Thumb Code    26  stm32f4xx_dac.o(.text)
    DAC_SetDualChannelData                   0x08002905   Thumb Code    32  stm32f4xx_dac.o(.text)
    DAC_GetDataOutputValue                   0x08002925   Thumb Code    32  stm32f4xx_dac.o(.text)
    DAC_DMACmd                               0x08002945   Thumb Code    38  stm32f4xx_dac.o(.text)
    DAC_ITConfig                             0x0800296b   Thumb Code    36  stm32f4xx_dac.o(.text)
    DAC_GetFlagStatus                        0x0800298f   Thumb Code    28  stm32f4xx_dac.o(.text)
    DAC_ClearFlag                            0x080029ab   Thumb Code    12  stm32f4xx_dac.o(.text)
    DAC_GetITStatus                          0x080029b7   Thumb Code    44  stm32f4xx_dac.o(.text)
    DAC_ClearITPendingBit                    0x080029e3   Thumb Code    12  stm32f4xx_dac.o(.text)
    GPIO_DeInit                              0x080029f5   Thumb Code   268  stm32f4xx_gpio.o(.text)
    GPIO_Init                                0x08002b01   Thumb Code   144  stm32f4xx_gpio.o(.text)
    GPIO_StructInit                          0x08002b91   Thumb Code    18  stm32f4xx_gpio.o(.text)
    GPIO_PinLockConfig                       0x08002ba3   Thumb Code    34  stm32f4xx_gpio.o(.text)
    GPIO_ReadInputDataBit                    0x08002bc5   Thumb Code    18  stm32f4xx_gpio.o(.text)
    GPIO_ReadInputData                       0x08002bd7   Thumb Code     8  stm32f4xx_gpio.o(.text)
    GPIO_ReadOutputDataBit                   0x08002bdf   Thumb Code    18  stm32f4xx_gpio.o(.text)
    GPIO_ReadOutputData                      0x08002bf1   Thumb Code     8  stm32f4xx_gpio.o(.text)
    GPIO_SetBits                             0x08002bf9   Thumb Code     4  stm32f4xx_gpio.o(.text)
    GPIO_ResetBits                           0x08002bfd   Thumb Code     4  stm32f4xx_gpio.o(.text)
    GPIO_WriteBit                            0x08002c01   Thumb Code    10  stm32f4xx_gpio.o(.text)
    GPIO_Write                               0x08002c0b   Thumb Code     4  stm32f4xx_gpio.o(.text)
    GPIO_ToggleBits                          0x08002c0f   Thumb Code     8  stm32f4xx_gpio.o(.text)
    GPIO_PinAFConfig                         0x08002c17   Thumb Code    70  stm32f4xx_gpio.o(.text)
    RCC_DeInit                               0x08002c89   Thumb Code    82  stm32f4xx_rcc.o(.text)
    RCC_HSEConfig                            0x08002cdb   Thumb Code    14  stm32f4xx_rcc.o(.text)
    RCC_GetFlagStatus                        0x08002ce9   Thumb Code    60  stm32f4xx_rcc.o(.text)
    RCC_WaitForHSEStartUp                    0x08002d25   Thumb Code    56  stm32f4xx_rcc.o(.text)
    RCC_AdjustHSICalibrationValue            0x08002d5d   Thumb Code    20  stm32f4xx_rcc.o(.text)
    RCC_HSICmd                               0x08002d71   Thumb Code     6  stm32f4xx_rcc.o(.text)
    RCC_LSEConfig                            0x08002d77   Thumb Code    46  stm32f4xx_rcc.o(.text)
    RCC_LSICmd                               0x08002da5   Thumb Code     6  stm32f4xx_rcc.o(.text)
    RCC_PLLConfig                            0x08002dab   Thumb Code    32  stm32f4xx_rcc.o(.text)
    RCC_PLLCmd                               0x08002dcb   Thumb Code     6  stm32f4xx_rcc.o(.text)
    RCC_PLLI2SConfig                         0x08002dd1   Thumb Code    14  stm32f4xx_rcc.o(.text)
    RCC_PLLI2SCmd                            0x08002ddf   Thumb Code     6  stm32f4xx_rcc.o(.text)
    RCC_PLLSAIConfig                         0x08002de5   Thumb Code    20  stm32f4xx_rcc.o(.text)
    RCC_PLLSAICmd                            0x08002df9   Thumb Code     6  stm32f4xx_rcc.o(.text)
    RCC_ClockSecuritySystemCmd               0x08002dff   Thumb Code     6  stm32f4xx_rcc.o(.text)
    RCC_MCO1Config                           0x08002e05   Thumb Code    28  stm32f4xx_rcc.o(.text)
    RCC_MCO2Config                           0x08002e21   Thumb Code    28  stm32f4xx_rcc.o(.text)
    RCC_SYSCLKConfig                         0x08002e3d   Thumb Code    20  stm32f4xx_rcc.o(.text)
    RCC_GetSYSCLKSource                      0x08002e51   Thumb Code    12  stm32f4xx_rcc.o(.text)
    RCC_HCLKConfig                           0x08002e5d   Thumb Code    20  stm32f4xx_rcc.o(.text)
    RCC_PCLK1Config                          0x08002e71   Thumb Code    20  stm32f4xx_rcc.o(.text)
    RCC_PCLK2Config                          0x08002e85   Thumb Code    22  stm32f4xx_rcc.o(.text)
    RCC_GetClocksFreq                        0x08002e9b   Thumb Code   222  stm32f4xx_rcc.o(.text)
    RCC_RTCCLKConfig                         0x08002f79   Thumb Code    54  stm32f4xx_rcc.o(.text)
    RCC_RTCCLKCmd                            0x08002faf   Thumb Code     8  stm32f4xx_rcc.o(.text)
    RCC_BackupResetCmd                       0x08002fb7   Thumb Code     8  stm32f4xx_rcc.o(.text)
    RCC_I2SCLKConfig                         0x08002fbf   Thumb Code     6  stm32f4xx_rcc.o(.text)
    RCC_SAIPLLI2SClkDivConfig                0x08002fc5   Thumb Code    26  stm32f4xx_rcc.o(.text)
    RCC_SAIPLLSAIClkDivConfig                0x08002fdf   Thumb Code    28  stm32f4xx_rcc.o(.text)
    RCC_SAIBlockACLKConfig                   0x08002ffb   Thumb Code    20  stm32f4xx_rcc.o(.text)
    RCC_SAIBlockBCLKConfig                   0x0800300f   Thumb Code    20  stm32f4xx_rcc.o(.text)
    RCC_LTDCCLKDivConfig                     0x08003023   Thumb Code    20  stm32f4xx_rcc.o(.text)
    RCC_TIMCLKPresConfig                     0x08003037   Thumb Code     6  stm32f4xx_rcc.o(.text)
    RCC_AHB1PeriphClockCmd                   0x0800303d   Thumb Code    34  stm32f4xx_rcc.o(.text)
    RCC_AHB2PeriphClockCmd                   0x0800305f   Thumb Code    78  stm32f4xx_rcc.o(.text)
    RCC_AHB3PeriphClockCmd                   0x080030ad   Thumb Code    34  stm32f4xx_rcc.o(.text)
    RCC_APB1PeriphClockCmd                   0x080030cf   Thumb Code    34  stm32f4xx_rcc.o(.text)
    RCC_APB2PeriphClockCmd                   0x080030f1   Thumb Code    34  stm32f4xx_rcc.o(.text)
    RCC_AHB1PeriphResetCmd                   0x08003113   Thumb Code    34  stm32f4xx_rcc.o(.text)
    RCC_AHB2PeriphResetCmd                   0x08003135   Thumb Code    34  stm32f4xx_rcc.o(.text)
    RCC_AHB3PeriphResetCmd                   0x08003157   Thumb Code    34  stm32f4xx_rcc.o(.text)
    RCC_APB1PeriphResetCmd                   0x08003179   Thumb Code    34  stm32f4xx_rcc.o(.text)
    RCC_APB2PeriphResetCmd                   0x0800319b   Thumb Code    34  stm32f4xx_rcc.o(.text)
    RCC_AHB1PeriphClockLPModeCmd             0x080031bd   Thumb Code    34  stm32f4xx_rcc.o(.text)
    RCC_AHB2PeriphClockLPModeCmd             0x080031df   Thumb Code    34  stm32f4xx_rcc.o(.text)
    RCC_AHB3PeriphClockLPModeCmd             0x08003201   Thumb Code    34  stm32f4xx_rcc.o(.text)
    RCC_APB1PeriphClockLPModeCmd             0x08003223   Thumb Code    34  stm32f4xx_rcc.o(.text)
    RCC_APB2PeriphClockLPModeCmd             0x08003245   Thumb Code    34  stm32f4xx_rcc.o(.text)
    RCC_LSEModeConfig                        0x08003267   Thumb Code    40  stm32f4xx_rcc.o(.text)
    RCC_ITConfig                             0x0800328f   Thumb Code    34  stm32f4xx_rcc.o(.text)
    RCC_ClearFlag                            0x080032b1   Thumb Code    18  stm32f4xx_rcc.o(.text)
    RCC_GetITStatus                          0x080032c3   Thumb Code    22  stm32f4xx_rcc.o(.text)
    RCC_ClearITPendingBit                    0x080032d9   Thumb Code     8  stm32f4xx_rcc.o(.text)
    SYSCFG_DeInit                            0x080032e5   Thumb Code    22  stm32f4xx_syscfg.o(.text)
    SYSCFG_MemoryRemapConfig                 0x080032fb   Thumb Code     6  stm32f4xx_syscfg.o(.text)
    SYSCFG_MemorySwappingBank                0x08003301   Thumb Code     6  stm32f4xx_syscfg.o(.text)
    SYSCFG_EXTILineConfig                    0x08003307   Thumb Code    66  stm32f4xx_syscfg.o(.text)
    SYSCFG_ETH_MediaInterfaceConfig          0x08003349   Thumb Code     8  stm32f4xx_syscfg.o(.text)
    SYSCFG_CompensationCellCmd               0x08003351   Thumb Code     6  stm32f4xx_syscfg.o(.text)
    SYSCFG_GetCompensationCellStatus         0x08003357   Thumb Code    22  stm32f4xx_syscfg.o(.text)
    USART_DeInit                             0x08003379   Thumb Code   206  stm32f4xx_usart.o(.text)
    USART_Init                               0x08003447   Thumb Code   204  stm32f4xx_usart.o(.text)
    USART_StructInit                         0x08003513   Thumb Code    24  stm32f4xx_usart.o(.text)
    USART_ClockInit                          0x0800352b   Thumb Code    32  stm32f4xx_usart.o(.text)
    USART_ClockStructInit                    0x0800354b   Thumb Code    12  stm32f4xx_usart.o(.text)
    USART_Cmd                                0x08003557   Thumb Code    24  stm32f4xx_usart.o(.text)
    USART_SetPrescaler                       0x0800356f   Thumb Code    16  stm32f4xx_usart.o(.text)
    USART_OverSampling8Cmd                   0x0800357f   Thumb Code    22  stm32f4xx_usart.o(.text)
    USART_OneBitMethodCmd                    0x08003595   Thumb Code    24  stm32f4xx_usart.o(.text)
    USART_SendData                           0x080035ad   Thumb Code     8  stm32f4xx_usart.o(.text)
    USART_ReceiveData                        0x080035b5   Thumb Code    10  stm32f4xx_usart.o(.text)
    USART_SetAddress                         0x080035bf   Thumb Code    18  stm32f4xx_usart.o(.text)
    USART_ReceiverWakeUpCmd                  0x080035d1   Thumb Code    24  stm32f4xx_usart.o(.text)
    USART_WakeUpConfig                       0x080035e9   Thumb Code    18  stm32f4xx_usart.o(.text)
    USART_LINBreakDetectLengthConfig         0x080035fb   Thumb Code    18  stm32f4xx_usart.o(.text)
    USART_LINCmd                             0x0800360d   Thumb Code    24  stm32f4xx_usart.o(.text)
    USART_SendBreak                          0x08003625   Thumb Code    10  stm32f4xx_usart.o(.text)
    USART_HalfDuplexCmd                      0x0800362f   Thumb Code    24  stm32f4xx_usart.o(.text)
    USART_SetGuardTime                       0x08003647   Thumb Code    16  stm32f4xx_usart.o(.text)
    USART_SmartCardCmd                       0x08003657   Thumb Code    24  stm32f4xx_usart.o(.text)
    USART_SmartCardNACKCmd                   0x0800366f   Thumb Code    24  stm32f4xx_usart.o(.text)
    USART_IrDAConfig                         0x08003687   Thumb Code    18  stm32f4xx_usart.o(.text)
    USART_IrDACmd                            0x08003699   Thumb Code    24  stm32f4xx_usart.o(.text)
    USART_DMACmd                             0x080036b1   Thumb Code    18  stm32f4xx_usart.o(.text)
    USART_ITConfig                           0x080036c3   Thumb Code    74  stm32f4xx_usart.o(.text)
    USART_GetFlagStatus                      0x0800370d   Thumb Code    26  stm32f4xx_usart.o(.text)
    USART_ClearFlag                          0x08003727   Thumb Code    18  stm32f4xx_usart.o(.text)
    USART_GetITStatus                        0x08003739   Thumb Code   118  stm32f4xx_usart.o(.text)
    USART_ClearITPendingBit                  0x080037af   Thumb Code    30  stm32f4xx_usart.o(.text)
    EXTI_DeInit                              0x080037cd   Thumb Code    28  stm32f4xx_exti.o(.text)
    EXTI_Init                                0x080037e9   Thumb Code   142  stm32f4xx_exti.o(.text)
    EXTI_StructInit                          0x08003877   Thumb Code    16  stm32f4xx_exti.o(.text)
    EXTI_GenerateSWInterrupt                 0x08003887   Thumb Code    16  stm32f4xx_exti.o(.text)
    EXTI_GetFlagStatus                       0x08003897   Thumb Code    22  stm32f4xx_exti.o(.text)
    EXTI_ClearFlag                           0x080038ad   Thumb Code     8  stm32f4xx_exti.o(.text)
    EXTI_GetITStatus                         0x080038b5   Thumb Code    22  stm32f4xx_exti.o(.text)
    EXTI_ClearITPendingBit                   0x080038cb   Thumb Code     8  stm32f4xx_exti.o(.text)
    TIM_DeInit                               0x080038dd   Thumb Code   346  stm32f4xx_tim.o(.text)
    TIM_TimeBaseInit                         0x08003a37   Thumb Code   104  stm32f4xx_tim.o(.text)
    TIM_TimeBaseStructInit                   0x08003a9f   Thumb Code    18  stm32f4xx_tim.o(.text)
    TIM_PrescalerConfig                      0x08003ab1   Thumb Code     6  stm32f4xx_tim.o(.text)
    TIM_CounterModeConfig                    0x08003ab7   Thumb Code    18  stm32f4xx_tim.o(.text)
    TIM_SetCounter                           0x08003ac9   Thumb Code     4  stm32f4xx_tim.o(.text)
    TIM_SetAutoreload                        0x08003acd   Thumb Code     4  stm32f4xx_tim.o(.text)
    TIM_GetCounter                           0x08003ad1   Thumb Code     6  stm32f4xx_tim.o(.text)
    TIM_GetPrescaler                         0x08003ad7   Thumb Code     6  stm32f4xx_tim.o(.text)
    TIM_UpdateDisableConfig                  0x08003add   Thumb Code    24  stm32f4xx_tim.o(.text)
    TIM_UpdateRequestConfig                  0x08003af5   Thumb Code    24  stm32f4xx_tim.o(.text)
    TIM_ARRPreloadConfig                     0x08003b0d   Thumb Code    24  stm32f4xx_tim.o(.text)
    TIM_SelectOnePulseMode                   0x08003b25   Thumb Code    18  stm32f4xx_tim.o(.text)
    TIM_SetClockDivision                     0x08003b37   Thumb Code    18  stm32f4xx_tim.o(.text)
    TIM_Cmd                                  0x08003b49   Thumb Code    24  stm32f4xx_tim.o(.text)
    TIM_OC1Init                              0x08003b61   Thumb Code   114  stm32f4xx_tim.o(.text)
    TIM_OC2Init                              0x08003bd3   Thumb Code   154  stm32f4xx_tim.o(.text)
    TIM_OC3Init                              0x08003c6d   Thumb Code   204  stm32f4xx_tim.o(.text)
    TIM_OC4Init                              0x08003d39   Thumb Code   112  stm32f4xx_tim.o(.text)
    TIM_OCStructInit                         0x08003da9   Thumb Code    20  stm32f4xx_tim.o(.text)
    TIM_SelectOCxM                           0x08003dbd   Thumb Code    86  stm32f4xx_tim.o(.text)
    TIM_SetCompare1                          0x08003e13   Thumb Code     4  stm32f4xx_tim.o(.text)
    TIM_SetCompare2                          0x08003e17   Thumb Code     4  stm32f4xx_tim.o(.text)
    TIM_SetCompare3                          0x08003e1b   Thumb Code     4  stm32f4xx_tim.o(.text)
    TIM_SetCompare4                          0x08003e1f   Thumb Code     4  stm32f4xx_tim.o(.text)
    TIM_ForcedOC1Config                      0x08003e23   Thumb Code    18  stm32f4xx_tim.o(.text)
    TIM_ForcedOC2Config                      0x08003e35   Thumb Code    26  stm32f4xx_tim.o(.text)
    TIM_ForcedOC3Config                      0x08003e4f   Thumb Code    18  stm32f4xx_tim.o(.text)
    TIM_ForcedOC4Config                      0x08003e61   Thumb Code    26  stm32f4xx_tim.o(.text)
    TIM_OC1PreloadConfig                     0x08003e7b   Thumb Code    18  stm32f4xx_tim.o(.text)
    TIM_OC2PreloadConfig                     0x08003e8d   Thumb Code    26  stm32f4xx_tim.o(.text)
    TIM_OC3PreloadConfig                     0x08003ea7   Thumb Code    18  stm32f4xx_tim.o(.text)
    TIM_OC4PreloadConfig                     0x08003eb9   Thumb Code    26  stm32f4xx_tim.o(.text)
    TIM_OC1FastConfig                        0x08003ed3   Thumb Code    18  stm32f4xx_tim.o(.text)
    TIM_OC2FastConfig                        0x08003ee5   Thumb Code    26  stm32f4xx_tim.o(.text)
    TIM_OC3FastConfig                        0x08003eff   Thumb Code    18  stm32f4xx_tim.o(.text)
    TIM_OC4FastConfig                        0x08003f11   Thumb Code    26  stm32f4xx_tim.o(.text)
    TIM_ClearOC1Ref                          0x08003f2b   Thumb Code    18  stm32f4xx_tim.o(.text)
    TIM_ClearOC2Ref                          0x08003f3d   Thumb Code    24  stm32f4xx_tim.o(.text)
    TIM_ClearOC3Ref                          0x08003f55   Thumb Code    18  stm32f4xx_tim.o(.text)
    TIM_ClearOC4Ref                          0x08003f67   Thumb Code    24  stm32f4xx_tim.o(.text)
    TIM_OC1PolarityConfig                    0x08003f7f   Thumb Code    18  stm32f4xx_tim.o(.text)
    TIM_OC1NPolarityConfig                   0x08003f91   Thumb Code    18  stm32f4xx_tim.o(.text)
    TIM_OC2PolarityConfig                    0x08003fa3   Thumb Code    26  stm32f4xx_tim.o(.text)
    TIM_OC2NPolarityConfig                   0x08003fbd   Thumb Code    26  stm32f4xx_tim.o(.text)
    TIM_OC3PolarityConfig                    0x08003fd7   Thumb Code    26  stm32f4xx_tim.o(.text)
    TIM_OC3NPolarityConfig                   0x08003ff1   Thumb Code    26  stm32f4xx_tim.o(.text)
    TIM_OC4PolarityConfig                    0x0800400b   Thumb Code    26  stm32f4xx_tim.o(.text)
    TIM_CCxCmd                               0x08004025   Thumb Code    30  stm32f4xx_tim.o(.text)
    TIM_CCxNCmd                              0x08004043   Thumb Code    30  stm32f4xx_tim.o(.text)
    TIM_SetIC4Prescaler                      0x08004061   Thumb Code    26  stm32f4xx_tim.o(.text)
    TIM_SetIC3Prescaler                      0x080040cb   Thumb Code    18  stm32f4xx_tim.o(.text)
    TIM_SetIC2Prescaler                      0x08004125   Thumb Code    26  stm32f4xx_tim.o(.text)
    TIM_SetIC1Prescaler                      0x08004199   Thumb Code    18  stm32f4xx_tim.o(.text)
    TIM_ICInit                               0x080041e5   Thumb Code   110  stm32f4xx_tim.o(.text)
    TIM_ICStructInit                         0x08004253   Thumb Code    18  stm32f4xx_tim.o(.text)
    TIM_PWMIConfig                           0x08004265   Thumb Code   124  stm32f4xx_tim.o(.text)
    TIM_GetCapture1                          0x080042e1   Thumb Code     6  stm32f4xx_tim.o(.text)
    TIM_GetCapture2                          0x080042e7   Thumb Code     6  stm32f4xx_tim.o(.text)
    TIM_GetCapture3                          0x080042ed   Thumb Code     6  stm32f4xx_tim.o(.text)
    TIM_GetCapture4                          0x080042f3   Thumb Code     6  stm32f4xx_tim.o(.text)
    TIM_BDTRConfig                           0x080042f9   Thumb Code    32  stm32f4xx_tim.o(.text)
    TIM_BDTRStructInit                       0x08004319   Thumb Code    18  stm32f4xx_tim.o(.text)
    TIM_CtrlPWMOutputs                       0x0800432b   Thumb Code    30  stm32f4xx_tim.o(.text)
    TIM_SelectCOM                            0x08004349   Thumb Code    24  stm32f4xx_tim.o(.text)
    TIM_CCPreloadControl                     0x08004361   Thumb Code    24  stm32f4xx_tim.o(.text)
    TIM_ITConfig                             0x08004379   Thumb Code    18  stm32f4xx_tim.o(.text)
    TIM_GenerateEvent                        0x0800438b   Thumb Code     4  stm32f4xx_tim.o(.text)
    TIM_GetFlagStatus                        0x0800438f   Thumb Code    18  stm32f4xx_tim.o(.text)
    TIM_ClearFlag                            0x080043a1   Thumb Code     6  stm32f4xx_tim.o(.text)
    TIM_GetITStatus                          0x080043a7   Thumb Code    34  stm32f4xx_tim.o(.text)
    TIM_ClearITPendingBit                    0x080043c9   Thumb Code     6  stm32f4xx_tim.o(.text)
    TIM_DMAConfig                            0x080043cf   Thumb Code    10  stm32f4xx_tim.o(.text)
    TIM_DMACmd                               0x080043d9   Thumb Code    18  stm32f4xx_tim.o(.text)
    TIM_SelectCCDMA                          0x080043eb   Thumb Code    24  stm32f4xx_tim.o(.text)
    TIM_InternalClockConfig                  0x08004403   Thumb Code    12  stm32f4xx_tim.o(.text)
    TIM_SelectInputTrigger                   0x0800440f   Thumb Code    18  stm32f4xx_tim.o(.text)
    TIM_ITRxExternalClockConfig              0x08004421   Thumb Code    24  stm32f4xx_tim.o(.text)
    TIM_TIxExternalClockConfig               0x08004439   Thumb Code    62  stm32f4xx_tim.o(.text)
    TIM_ETRConfig                            0x08004477   Thumb Code    28  stm32f4xx_tim.o(.text)
    TIM_ETRClockMode1Config                  0x08004493   Thumb Code    54  stm32f4xx_tim.o(.text)
    TIM_ETRClockMode2Config                  0x080044c9   Thumb Code    32  stm32f4xx_tim.o(.text)
    TIM_SelectOutputTrigger                  0x080044e9   Thumb Code    18  stm32f4xx_tim.o(.text)
    TIM_SelectSlaveMode                      0x080044fb   Thumb Code    18  stm32f4xx_tim.o(.text)
    TIM_SelectMasterSlaveMode                0x0800450d   Thumb Code    18  stm32f4xx_tim.o(.text)
    TIM_EncoderInterfaceConfig               0x0800451f   Thumb Code    66  stm32f4xx_tim.o(.text)
    TIM_SelectHallSensor                     0x08004561   Thumb Code    24  stm32f4xx_tim.o(.text)
    TIM_RemapConfig                          0x08004579   Thumb Code     6  stm32f4xx_tim.o(.text)
    __use_no_semihosting                     0x0800457f   Thumb Code     2  use_no_semi_2.o(.text)
    vsprintf                                 0x08004581   Thumb Code    32  vsprintf.o(.text)
    __2sprintf                               0x080045a5   Thumb Code    38  __2sprintf.o(.text)
    _printf_int_dec                          0x080045d1   Thumb Code   104  _printf_dec.o(.text)
    __printf                                 0x08004649   Thumb Code   388  __printf_flags_ss_wp.o(.text)
    strlen                                   0x080047d1   Thumb Code    62  strlen.o(.text)
    __use_two_region_memory                  0x0800480f   Thumb Code     2  heapauxi.o(.text)
    __rt_heap_escrow$2region                 0x08004811   Thumb Code     2  heapauxi.o(.text)
    __rt_heap_expand$2region                 0x08004813   Thumb Code     2  heapauxi.o(.text)
    __I$use$semihosting                      0x08004815   Thumb Code     0  use_no_semi.o(.text)
    __use_no_semihosting_swi                 0x08004815   Thumb Code     2  use_no_semi.o(.text)
    _printf_pre_padding                      0x08004817   Thumb Code    44  _printf_pad.o(.text)
    _printf_post_padding                     0x08004843   Thumb Code    34  _printf_pad.o(.text)
    _printf_truncate_signed                  0x08004865   Thumb Code    18  _printf_truncate.o(.text)
    _printf_truncate_unsigned                0x08004877   Thumb Code    18  _printf_truncate.o(.text)
    _printf_str                              0x08004889   Thumb Code    82  _printf_str.o(.text)
    _printf_int_common                       0x080048db   Thumb Code   178  _printf_intcommon.o(.text)
    _printf_charcount                        0x0800498d   Thumb Code    40  _printf_charcount.o(.text)
    __lib_sel_fp_printf                      0x080049b5   Thumb Code     2  _printf_fp_dec.o(.text)
    _printf_fp_dec_real                      0x08004b63   Thumb Code   620  _printf_fp_dec.o(.text)
    _printf_char_common                      0x08004ddb   Thumb Code    32  _printf_char_common.o(.text)
    _sputc                                   0x08004e01   Thumb Code    10  _sputc.o(.text)
    _printf_wctomb                           0x08004e0d   Thumb Code   182  _printf_wctomb.o(.text)
    _printf_longlong_dec                     0x08004ec9   Thumb Code   108  _printf_longlong_dec.o(.text)
    _printf_longlong_oct                     0x08004f45   Thumb Code    68  _printf_oct_int_ll.o(.text)
    _printf_int_oct                          0x08004f89   Thumb Code    24  _printf_oct_int_ll.o(.text)
    _printf_ll_oct                           0x08004fa1   Thumb Code    12  _printf_oct_int_ll.o(.text)
    _printf_longlong_hex                     0x08004fb5   Thumb Code    86  _printf_hex_int_ll_ptr.o(.text)
    _printf_int_hex                          0x0800500b   Thumb Code    28  _printf_hex_int_ll_ptr.o(.text)
    _printf_ll_hex                           0x08005027   Thumb Code    12  _printf_hex_int_ll_ptr.o(.text)
    _printf_hex_ptr                          0x08005033   Thumb Code    18  _printf_hex_int_ll_ptr.o(.text)
    __rt_locale                              0x08005049   Thumb Code     8  rt_locale_intlibspace.o(.text)
    _ll_udiv10                               0x08005051   Thumb Code   138  lludiv10.o(.text)
    _printf_fp_hex_real                      0x080050dd   Thumb Code   754  _printf_fp_hex.o(.text)
    _printf_fp_infnan                        0x080053d9   Thumb Code   112  _printf_fp_infnan.o(.text)
    _printf_cs_common                        0x08005459   Thumb Code    20  _printf_char.o(.text)
    _printf_char                             0x0800546d   Thumb Code    16  _printf_char.o(.text)
    _printf_string                           0x0800547d   Thumb Code     8  _printf_char.o(.text)
    _printf_lcs_common                       0x08005485   Thumb Code    20  _printf_wchar.o(.text)
    _printf_wchar                            0x08005499   Thumb Code    16  _printf_wchar.o(.text)
    _printf_wstring                          0x080054a9   Thumb Code     8  _printf_wchar.o(.text)
    _btod_etento                             0x080054b1   Thumb Code   216  bigflt0.o(.text)
    _wcrtomb                                 0x0800558d   Thumb Code    64  _wcrtomb.o(.text)
    __user_libspace                          0x080055cd   Thumb Code     8  libspace.o(.text)
    __user_perproc_libspace                  0x080055cd   Thumb Code     0  libspace.o(.text)
    __user_perthread_libspace                0x080055cd   Thumb Code     0  libspace.o(.text)
    __user_setup_stackheap                   0x080055d5   Thumb Code    74  sys_stackheap_outer.o(.text)
    __rt_ctype_table                         0x08005621   Thumb Code    16  rt_ctype_table.o(.text)
    exit                                     0x08005631   Thumb Code    18  exit.o(.text)
    strcmp                                   0x08005645   Thumb Code   128  strcmpv7m.o(.text)
    _btod_d2e                                0x080056c5   Thumb Code    62  btod.o(CL$$btod_d2e)
    _d2e_denorm_low                          0x08005703   Thumb Code    70  btod.o(CL$$btod_d2e_denorm_low)
    _d2e_norm_op1                            0x08005749   Thumb Code    96  btod.o(CL$$btod_d2e_norm_op1)
    __btod_div_common                        0x080057a9   Thumb Code   696  btod.o(CL$$btod_div_common)
    _e2e                                     0x08005ae1   Thumb Code   198  btod.o(CL$$btod_e2e)
    _btod_ediv                               0x08005ba7   Thumb Code    40  btod.o(CL$$btod_ediv)
    _btod_emul                               0x08005bcf   Thumb Code    40  btod.o(CL$$btod_emul)
    __btod_mult_common                       0x08005bf7   Thumb Code   580  btod.o(CL$$btod_mult_common)
    __ARM_fpclassify                         0x08005e3b   Thumb Code    48  fpclassify.o(i.__ARM_fpclassify)
    _is_digit                                0x08005e6b   Thumb Code    14  __printf_wp.o(i._is_digit)
    _get_lc_numeric                          0x08005e79   Thumb Code    44  lc_numeric_c.o(locale$$code)
    _get_lc_ctype                            0x08005ea5   Thumb Code    44  lc_ctype_c.o(locale$$code)
    __aeabi_d2f                              0x08005ed1   Thumb Code     0  d2f.o(x$fpl$d2f)
    _d2f                                     0x08005ed1   Thumb Code    98  d2f.o(x$fpl$d2f)
    __aeabi_ddiv                             0x08005f35   Thumb Code     0  ddiv.o(x$fpl$ddiv)
    _ddiv                                    0x08005f35   Thumb Code   552  ddiv.o(x$fpl$ddiv)
    __aeabi_d2uiz                            0x080061e5   Thumb Code     0  dfixu.o(x$fpl$dfixu)
    _dfixu                                   0x080061e5   Thumb Code    90  dfixu.o(x$fpl$dfixu)
    __aeabi_i2d                              0x0800623f   Thumb Code     0  dflt_clz.o(x$fpl$dflt)
    _dflt                                    0x0800623f   Thumb Code    46  dflt_clz.o(x$fpl$dflt)
    __aeabi_ui2d                             0x0800626d   Thumb Code     0  dflt_clz.o(x$fpl$dfltu)
    _dfltu                                   0x0800626d   Thumb Code    38  dflt_clz.o(x$fpl$dfltu)
    __aeabi_dmul                             0x08006295   Thumb Code     0  dmul.o(x$fpl$dmul)
    _dmul                                    0x08006295   Thumb Code   332  dmul.o(x$fpl$dmul)
    __fpl_dnaninf                            0x080063e9   Thumb Code   156  dnaninf.o(x$fpl$dnaninf)
    __fpl_dretinf                            0x08006485   Thumb Code    12  dretinf.o(x$fpl$dretinf)
    __aeabi_f2d                              0x08006491   Thumb Code     0  f2d.o(x$fpl$f2d)
    _f2d                                     0x08006491   Thumb Code    86  f2d.o(x$fpl$f2d)
    __fpl_fnaninf                            0x080064e7   Thumb Code   140  fnaninf.o(x$fpl$fnaninf)
    _fp_init                                 0x08006573   Thumb Code    10  fpinit.o(x$fpl$fpinit)
    __fplib_config_fpu_vfp                   0x0800657b   Thumb Code     0  fpinit.o(x$fpl$fpinit)
    __fplib_config_pureend_doubles           0x0800657b   Thumb Code     0  fpinit.o(x$fpl$fpinit)
    __fpl_fretinf                            0x0800657d   Thumb Code    10  fretinf.o(x$fpl$fretinf)
    _printf_fp_dec                           0x08006587   Thumb Code     4  printf1.o(x$fpl$printf1)
    _printf_fp_hex                           0x0800658b   Thumb Code     4  printf2.o(x$fpl$printf2)
    __I$use$fp                               0x0800658e   Number         0  usenofp.o(x$fpl$usenofp)
    Region$$Table$$Base                      0x0800668c   Number         0  anon$$obj.o(Region$$Table)
    Region$$Table$$Limit                     0x080066ac   Number         0  anon$$obj.o(Region$$Table)
    __ctype                                  0x080066d5   Data           0  lc_ctype_c.o(locale$$data)
    Mixing_Down_a                            0x20000000   Data           4  main.o(.data)
    Mixing_Down_b                            0x20000004   Data           4  main.o(.data)
    Mixing_Hold_a                            0x20000008   Data           4  main.o(.data)
    Mixing_Hold_b                            0x2000000c   Data           4  main.o(.data)
    turnnum                                  0x20000010   Data           4  main.o(.data)
    Global_c1                                0x20000014   Data           1  main.o(.data)
    Global_c                                 0x20000015   Data           4  main.o(.data)
    tempnum_a                                0x20000019   Data           6  main.o(.data)
    tempnum_b                                0x2000001f   Data           6  main.o(.data)
    turn_num                                 0x20000025   Data           6  main.o(.data)
    H                                        0x2000002c   Data           4  main.o(.data)
    M                                        0x20000030   Data           4  main.o(.data)
    L                                        0x20000034   Data           4  main.o(.data)
    heating_a                                0x20000038   Data           4  main.o(.data)
    heating_b                                0x2000003c   Data           4  main.o(.data)
    aback                                    0x20000040   Data           4  main.o(.data)
    bback                                    0x20000044   Data           4  main.o(.data)
    Centrifugal_a                            0x20000048   Data           4  main.o(.data)
    Centrifugal_b                            0x2000004c   Data           4  main.o(.data)
    T_rel_a                                  0x20000050   Data           4  main.o(.data)
    T_rel_b                                  0x20000054   Data           4  main.o(.data)
    start                                    0x20000058   Data           4  main.o(.data)
    Fan_On_a                                 0x2000005c   Data           4  main.o(.data)
    Fan_On_b                                 0x20000060   Data           4  main.o(.data)
    check                                    0x20000064   Data           1  main.o(.data)
    T_rel_a1                                 0x20000068   Data           4  main.o(.data)
    T_rel_b1                                 0x2000006c   Data           4  main.o(.data)
    SystemCoreClock                          0x20000070   Data           4  system_stm32f4xx.o(.data)
    AHBPrescTable                            0x20000074   Data          16  system_stm32f4xx.o(.data)
    __stdout                                 0x20000088   Data           4  usart.o(.data)
    USART_RX_STA                             0x2000008c   Data           2  usart.o(.data)
    USART3_RX_BUF                            0x200000a0   Data         600  usart3.o(.bss)
    USART3_TX_BUF                            0x200002f8   Data         600  usart3.o(.bss)
    USART_RX_BUF                             0x20000550   Data         200  usart.o(.bss)
    __libspace_start                         0x20000618   Data          96  libspace.o(.bss)
    __temporary_stack_top$libspace           0x20000678   Data           0  libspace.o(.bss)



==============================================================================

Memory Map of the image

  Image Entry point : 0x08000189

  Load Region LR_IROM1 (Base: 0x08000000, Size: 0x00006878, Max: 0x00100000, ABSOLUTE)

    Execution Region ER_IROM1 (Base: 0x08000000, Size: 0x000067d8, Max: 0x00100000, ABSOLUTE)

    Base Addr    Size         Type   Attr      Idx    E Section Name        Object

    0x08000000   0x00000188   Data   RO          521    RESET               startup_stm32f40_41xxx.o
    0x08000188   0x00000008   Code   RO          772  * !!!main             c_w.l(__main.o)
    0x08000190   0x00000034   Code   RO         1092    !!!scatter          c_w.l(__scatter.o)
    0x080001c4   0x0000001a   Code   RO         1094    !!handler_copy      c_w.l(__scatter_copy.o)
    0x080001de   0x00000002   PAD
    0x080001e0   0x0000001c   Code   RO         1096    !!handler_zi        c_w.l(__scatter_zi.o)
    0x080001fc   0x00000000   Code   RO          767    .ARM.Collect$$_printf_percent$$00000000  c_w.l(_printf_percent.o)
    0x080001fc   0x00000006   Code   RO          849    .ARM.Collect$$_printf_percent$$00000001  c_w.l(_printf_n.o)
    0x08000202   0x00000006   Code   RO          851    .ARM.Collect$$_printf_percent$$00000002  c_w.l(_printf_p.o)
    0x08000208   0x00000006   Code   RO          766    .ARM.Collect$$_printf_percent$$00000003  c_w.l(_printf_f.o)
    0x0800020e   0x00000006   Code   RO          855    .ARM.Collect$$_printf_percent$$00000004  c_w.l(_printf_e.o)
    0x08000214   0x00000006   Code   RO          856    .ARM.Collect$$_printf_percent$$00000005  c_w.l(_printf_g.o)
    0x0800021a   0x00000006   Code   RO          857    .ARM.Collect$$_printf_percent$$00000006  c_w.l(_printf_a.o)
    0x08000220   0x0000000a   Code   RO          862    .ARM.Collect$$_printf_percent$$00000007  c_w.l(_printf_ll.o)
    0x0800022a   0x00000006   Code   RO          853    .ARM.Collect$$_printf_percent$$00000008  c_w.l(_printf_i.o)
    0x08000230   0x00000006   Code   RO          765    .ARM.Collect$$_printf_percent$$00000009  c_w.l(_printf_d.o)
    0x08000236   0x00000006   Code   RO          854    .ARM.Collect$$_printf_percent$$0000000A  c_w.l(_printf_u.o)
    0x0800023c   0x00000006   Code   RO          852    .ARM.Collect$$_printf_percent$$0000000B  c_w.l(_printf_o.o)
    0x08000242   0x00000006   Code   RO          850    .ARM.Collect$$_printf_percent$$0000000C  c_w.l(_printf_x.o)
    0x08000248   0x00000006   Code   RO          859    .ARM.Collect$$_printf_percent$$0000000D  c_w.l(_printf_lli.o)
    0x0800024e   0x00000006   Code   RO          860    .ARM.Collect$$_printf_percent$$0000000E  c_w.l(_printf_lld.o)
    0x08000254   0x00000006   Code   RO          861    .ARM.Collect$$_printf_percent$$0000000F  c_w.l(_printf_llu.o)
    0x0800025a   0x00000006   Code   RO          866    .ARM.Collect$$_printf_percent$$00000010  c_w.l(_printf_llo.o)
    0x08000260   0x00000006   Code   RO          867    .ARM.Collect$$_printf_percent$$00000011  c_w.l(_printf_llx.o)
    0x08000266   0x0000000a   Code   RO          863    .ARM.Collect$$_printf_percent$$00000012  c_w.l(_printf_l.o)
    0x08000270   0x00000006   Code   RO          847    .ARM.Collect$$_printf_percent$$00000013  c_w.l(_printf_c.o)
    0x08000276   0x00000006   Code   RO          848    .ARM.Collect$$_printf_percent$$00000014  c_w.l(_printf_s.o)
    0x0800027c   0x00000006   Code   RO          864    .ARM.Collect$$_printf_percent$$00000015  c_w.l(_printf_lc.o)
    0x08000282   0x00000006   Code   RO          865    .ARM.Collect$$_printf_percent$$00000016  c_w.l(_printf_ls.o)
    0x08000288   0x00000004   Code   RO          858    .ARM.Collect$$_printf_percent$$00000017  c_w.l(_printf_percent_end.o)
    0x0800028c   0x00000002   Code   RO          966    .ARM.Collect$$libinit$$00000000  c_w.l(libinit.o)
    0x0800028e   0x00000004   Code   RO          967    .ARM.Collect$$libinit$$00000001  c_w.l(libinit2.o)
    0x08000292   0x00000000   Code   RO          970    .ARM.Collect$$libinit$$00000004  c_w.l(libinit2.o)
    0x08000292   0x00000000   Code   RO          973    .ARM.Collect$$libinit$$0000000A  c_w.l(libinit2.o)
    0x08000292   0x00000000   Code   RO          975    .ARM.Collect$$libinit$$0000000C  c_w.l(libinit2.o)
    0x08000292   0x00000000   Code   RO          977    .ARM.Collect$$libinit$$0000000E  c_w.l(libinit2.o)
    0x08000292   0x00000006   Code   RO          978    .ARM.Collect$$libinit$$0000000F  c_w.l(libinit2.o)
    0x08000298   0x00000000   Code   RO          980    .ARM.Collect$$libinit$$00000011  c_w.l(libinit2.o)
    0x08000298   0x0000000c   Code   RO          981    .ARM.Collect$$libinit$$00000012  c_w.l(libinit2.o)
    0x080002a4   0x00000000   Code   RO          982    .ARM.Collect$$libinit$$00000013  c_w.l(libinit2.o)
    0x080002a4   0x00000000   Code   RO          984    .ARM.Collect$$libinit$$00000015  c_w.l(libinit2.o)
    0x080002a4   0x0000000a   Code   RO          985    .ARM.Collect$$libinit$$00000016  c_w.l(libinit2.o)
    0x080002ae   0x00000000   Code   RO          986    .ARM.Collect$$libinit$$00000017  c_w.l(libinit2.o)
    0x080002ae   0x00000000   Code   RO          988    .ARM.Collect$$libinit$$00000019  c_w.l(libinit2.o)
    0x080002ae   0x00000000   Code   RO          990    .ARM.Collect$$libinit$$0000001B  c_w.l(libinit2.o)
    0x080002ae   0x00000000   Code   RO          992    .ARM.Collect$$libinit$$0000001D  c_w.l(libinit2.o)
    0x080002ae   0x00000000   Code   RO          994    .ARM.Collect$$libinit$$0000001F  c_w.l(libinit2.o)
    0x080002ae   0x00000000   Code   RO          996    .ARM.Collect$$libinit$$00000021  c_w.l(libinit2.o)
    0x080002ae   0x00000000   Code   RO          998    .ARM.Collect$$libinit$$00000023  c_w.l(libinit2.o)
    0x080002ae   0x00000000   Code   RO         1000    .ARM.Collect$$libinit$$00000025  c_w.l(libinit2.o)
    0x080002ae   0x00000000   Code   RO         1004    .ARM.Collect$$libinit$$0000002C  c_w.l(libinit2.o)
    0x080002ae   0x00000000   Code   RO         1006    .ARM.Collect$$libinit$$0000002E  c_w.l(libinit2.o)
    0x080002ae   0x00000000   Code   RO         1008    .ARM.Collect$$libinit$$00000030  c_w.l(libinit2.o)
    0x080002ae   0x00000000   Code   RO         1010    .ARM.Collect$$libinit$$00000032  c_w.l(libinit2.o)
    0x080002ae   0x00000002   Code   RO         1011    .ARM.Collect$$libinit$$00000033  c_w.l(libinit2.o)
    0x080002b0   0x00000002   Code   RO         1042    .ARM.Collect$$libshutdown$$00000000  c_w.l(libshutdown.o)
    0x080002b2   0x00000000   Code   RO         1051    .ARM.Collect$$libshutdown$$00000002  c_w.l(libshutdown2.o)
    0x080002b2   0x00000000   Code   RO         1053    .ARM.Collect$$libshutdown$$00000004  c_w.l(libshutdown2.o)
    0x080002b2   0x00000000   Code   RO         1056    .ARM.Collect$$libshutdown$$00000007  c_w.l(libshutdown2.o)
    0x080002b2   0x00000000   Code   RO         1059    .ARM.Collect$$libshutdown$$0000000A  c_w.l(libshutdown2.o)
    0x080002b2   0x00000000   Code   RO         1061    .ARM.Collect$$libshutdown$$0000000C  c_w.l(libshutdown2.o)
    0x080002b2   0x00000000   Code   RO         1064    .ARM.Collect$$libshutdown$$0000000F  c_w.l(libshutdown2.o)
    0x080002b2   0x00000002   Code   RO         1065    .ARM.Collect$$libshutdown$$00000010  c_w.l(libshutdown2.o)
    0x080002b4   0x00000000   Code   RO          798    .ARM.Collect$$rtentry$$00000000  c_w.l(__rtentry.o)
    0x080002b4   0x00000000   Code   RO          884    .ARM.Collect$$rtentry$$00000002  c_w.l(__rtentry2.o)
    0x080002b4   0x00000006   Code   RO          896    .ARM.Collect$$rtentry$$00000004  c_w.l(__rtentry4.o)
    0x080002ba   0x00000000   Code   RO          886    .ARM.Collect$$rtentry$$00000009  c_w.l(__rtentry2.o)
    0x080002ba   0x00000004   Code   RO          887    .ARM.Collect$$rtentry$$0000000A  c_w.l(__rtentry2.o)
    0x080002be   0x00000000   Code   RO          889    .ARM.Collect$$rtentry$$0000000C  c_w.l(__rtentry2.o)
    0x080002be   0x00000008   Code   RO          890    .ARM.Collect$$rtentry$$0000000D  c_w.l(__rtentry2.o)
    0x080002c6   0x00000002   Code   RO         1012    .ARM.Collect$$rtexit$$00000000  c_w.l(rtexit.o)
    0x080002c8   0x00000000   Code   RO         1022    .ARM.Collect$$rtexit$$00000002  c_w.l(rtexit2.o)
    0x080002c8   0x00000004   Code   RO         1023    .ARM.Collect$$rtexit$$00000003  c_w.l(rtexit2.o)
    0x080002cc   0x00000006   Code   RO         1024    .ARM.Collect$$rtexit$$00000004  c_w.l(rtexit2.o)
    0x080002d2   0x00000002   PAD
    0x080002d4   0x00000790   Code   RO            3    .text               main.o
    0x08000a64   0x0000001a   Code   RO          186    .text               stm32f4xx_it.o
    0x08000a7e   0x00000002   PAD
    0x08000a80   0x00000210   Code   RO          235    .text               system_stm32f4xx.o
    0x08000c90   0x00000150   Code   RO          261    .text               gpio.o
    0x08000de0   0x00000104   Code   RO          281    .text               adc.o
    0x08000ee4   0x000000d4   Code   RO          301    .text               dac.o
    0x08000fb8   0x00000114   Code   RO          321    .text               exti.o
    0x080010cc   0x0000026c   Code   RO          345    .text               myiic.o
    0x08001338   0x00000388   Code   RO          365    .text               lcd16032.o
    0x080016c0   0x00000464   Code   RO          394    .text               timer.o
    0x08001b24   0x000004f0   Code   RO          415    .text               usart3.o
    0x08002014   0x00000104   Code   RO          450    .text               delay.o
    0x08002118   0x00000148   Code   RO          490    .text               usart.o
    0x08002260   0x00000040   Code   RO          522    .text               startup_stm32f40_41xxx.o
    0x080022a0   0x000000e0   Code   RO          528    .text               misc.o
    0x08002380   0x00000464   Code   RO          548    .text               stm32f4xx_adc.o
    0x080027e4   0x00000210   Code   RO          568    .text               stm32f4xx_dac.o
    0x080029f4   0x00000294   Code   RO          588    .text               stm32f4xx_gpio.o
    0x08002c88   0x0000065c   Code   RO          631    .text               stm32f4xx_rcc.o
    0x080032e4   0x00000094   Code   RO          653    .text               stm32f4xx_syscfg.o
    0x08003378   0x00000454   Code   RO          673    .text               stm32f4xx_usart.o
    0x080037cc   0x00000110   Code   RO          693    .text               stm32f4xx_exti.o
    0x080038dc   0x00000ca2   Code   RO          713    .text               stm32f4xx_tim.o
    0x0800457e   0x00000002   Code   RO          733    .text               c_w.l(use_no_semi_2.o)
    0x08004580   0x00000024   Code   RO          735    .text               c_w.l(vsprintf.o)
    0x080045a4   0x0000002c   Code   RO          737    .text               c_w.l(__2sprintf.o)
    0x080045d0   0x00000078   Code   RO          743    .text               c_w.l(_printf_dec.o)
    0x08004648   0x00000188   Code   RO          762    .text               c_w.l(__printf_flags_ss_wp.o)
    0x080047d0   0x0000003e   Code   RO          768    .text               c_w.l(strlen.o)
    0x0800480e   0x00000006   Code   RO          770    .text               c_w.l(heapauxi.o)
    0x08004814   0x00000002   Code   RO          796    .text               c_w.l(use_no_semi.o)
    0x08004816   0x0000004e   Code   RO          799    .text               c_w.l(_printf_pad.o)
    0x08004864   0x00000024   Code   RO          801    .text               c_w.l(_printf_truncate.o)
    0x08004888   0x00000052   Code   RO          803    .text               c_w.l(_printf_str.o)
    0x080048da   0x000000b2   Code   RO          805    .text               c_w.l(_printf_intcommon.o)
    0x0800498c   0x00000028   Code   RO          807    .text               c_w.l(_printf_charcount.o)
    0x080049b4   0x0000041a   Code   RO          809    .text               c_w.l(_printf_fp_dec.o)
    0x08004dce   0x00000002   PAD
    0x08004dd0   0x00000030   Code   RO          811    .text               c_w.l(_printf_char_common.o)
    0x08004e00   0x0000000a   Code   RO          813    .text               c_w.l(_sputc.o)
    0x08004e0a   0x00000002   PAD
    0x08004e0c   0x000000bc   Code   RO          815    .text               c_w.l(_printf_wctomb.o)
    0x08004ec8   0x0000007c   Code   RO          818    .text               c_w.l(_printf_longlong_dec.o)
    0x08004f44   0x00000070   Code   RO          824    .text               c_w.l(_printf_oct_int_ll.o)
    0x08004fb4   0x00000094   Code   RO          844    .text               c_w.l(_printf_hex_int_ll_ptr.o)
    0x08005048   0x00000008   Code   RO          901    .text               c_w.l(rt_locale_intlibspace.o)
    0x08005050   0x0000008a   Code   RO          903    .text               c_w.l(lludiv10.o)
    0x080050da   0x00000002   PAD
    0x080050dc   0x000002fc   Code   RO          905    .text               c_w.l(_printf_fp_hex.o)
    0x080053d8   0x00000080   Code   RO          908    .text               c_w.l(_printf_fp_infnan.o)
    0x08005458   0x0000002c   Code   RO          912    .text               c_w.l(_printf_char.o)
    0x08005484   0x0000002c   Code   RO          914    .text               c_w.l(_printf_wchar.o)
    0x080054b0   0x000000dc   Code   RO          916    .text               c_w.l(bigflt0.o)
    0x0800558c   0x00000040   Code   RO          941    .text               c_w.l(_wcrtomb.o)
    0x080055cc   0x00000008   Code   RO          950    .text               c_w.l(libspace.o)
    0x080055d4   0x0000004a   Code   RO          953    .text               c_w.l(sys_stackheap_outer.o)
    0x0800561e   0x00000002   PAD
    0x08005620   0x00000010   Code   RO          955    .text               c_w.l(rt_ctype_table.o)
    0x08005630   0x00000012   Code   RO          957    .text               c_w.l(exit.o)
    0x08005642   0x00000002   PAD
    0x08005644   0x00000080   Code   RO          959    .text               c_w.l(strcmpv7m.o)
    0x080056c4   0x0000003e   Code   RO          919    CL$$btod_d2e        c_w.l(btod.o)
    0x08005702   0x00000046   Code   RO          921    CL$$btod_d2e_denorm_low  c_w.l(btod.o)
    0x08005748   0x00000060   Code   RO          920    CL$$btod_d2e_norm_op1  c_w.l(btod.o)
    0x080057a8   0x00000338   Code   RO          929    CL$$btod_div_common  c_w.l(btod.o)
    0x08005ae0   0x000000c6   Code   RO          926    CL$$btod_e2e        c_w.l(btod.o)
    0x08005ba6   0x00000028   Code   RO          923    CL$$btod_ediv       c_w.l(btod.o)
    0x08005bce   0x00000028   Code   RO          922    CL$$btod_emul       c_w.l(btod.o)
    0x08005bf6   0x00000244   Code   RO          928    CL$$btod_mult_common  c_w.l(btod.o)
    0x08005e3a   0x00000030   Code   RO          948    i.__ARM_fpclassify  m_wm.l(fpclassify.o)
    0x08005e6a   0x0000000e   Code   RO          755    i._is_digit         c_w.l(__printf_wp.o)
    0x08005e78   0x0000002c   Code   RO          944    locale$$code        c_w.l(lc_numeric_c.o)
    0x08005ea4   0x0000002c   Code   RO         1015    locale$$code        c_w.l(lc_ctype_c.o)
    0x08005ed0   0x00000062   Code   RO          774    x$fpl$d2f           fz_wm.l(d2f.o)
    0x08005f32   0x00000002   PAD
    0x08005f34   0x000002b0   Code   RO          777    x$fpl$ddiv          fz_wm.l(ddiv.o)
    0x080061e4   0x0000005a   Code   RO          780    x$fpl$dfixu         fz_wm.l(dfixu.o)
    0x0800623e   0x0000002e   Code   RO          785    x$fpl$dflt          fz_wm.l(dflt_clz.o)
    0x0800626c   0x00000026   Code   RO          784    x$fpl$dfltu         fz_wm.l(dflt_clz.o)
    0x08006292   0x00000002   PAD
    0x08006294   0x00000154   Code   RO          790    x$fpl$dmul          fz_wm.l(dmul.o)
    0x080063e8   0x0000009c   Code   RO          868    x$fpl$dnaninf       fz_wm.l(dnaninf.o)
    0x08006484   0x0000000c   Code   RO          870    x$fpl$dretinf       fz_wm.l(dretinf.o)
    0x08006490   0x00000056   Code   RO          792    x$fpl$f2d           fz_wm.l(f2d.o)
    0x080064e6   0x0000008c   Code   RO          872    x$fpl$fnaninf       fz_wm.l(fnaninf.o)
    0x08006572   0x0000000a   Code   RO         1019    x$fpl$fpinit        fz_wm.l(fpinit.o)
    0x0800657c   0x0000000a   Code   RO          874    x$fpl$fretinf       fz_wm.l(fretinf.o)
    0x08006586   0x00000004   Code   RO          794    x$fpl$printf1       fz_wm.l(printf1.o)
    0x0800658a   0x00000004   Code   RO          876    x$fpl$printf2       fz_wm.l(printf2.o)
    0x0800658e   0x00000000   Code   RO          882    x$fpl$usenofp       fz_wm.l(usenofp.o)
    0x0800658e   0x00000011   Data   RO          763    .constdata          c_w.l(__printf_flags_ss_wp.o)
    0x0800659f   0x00000001   PAD
    0x080065a0   0x00000008   Data   RO          816    .constdata          c_w.l(_printf_wctomb.o)
    0x080065a8   0x00000028   Data   RO          845    .constdata          c_w.l(_printf_hex_int_ll_ptr.o)
    0x080065d0   0x00000026   Data   RO          906    .constdata          c_w.l(_printf_fp_hex.o)
    0x080065f6   0x00000002   PAD
    0x080065f8   0x00000094   Data   RO          917    .constdata          c_w.l(bigflt0.o)
    0x0800668c   0x00000020   Data   RO         1090    Region$$Table       anon$$obj.o
    0x080066ac   0x0000001c   Data   RO          943    locale$$data        c_w.l(lc_numeric_c.o)
    0x080066c8   0x00000110   Data   RO         1014    locale$$data        c_w.l(lc_ctype_c.o)


    Execution Region RW_IRAM1 (Base: 0x20000000, Size: 0x00000c78, Max: 0x00020000, ABSOLUTE)

    Base Addr    Size         Type   Attr      Idx    E Section Name        Object

    0x20000000   0x00000070   Data   RW            5    .data               main.o
    0x20000070   0x00000014   Data   RW          236    .data               system_stm32f4xx.o
    0x20000084   0x00000004   Data   RW          451    .data               delay.o
    0x20000088   0x00000006   Data   RW          492    .data               usart.o
    0x2000008e   0x00000010   Data   RW          632    .data               stm32f4xx_rcc.o
    0x2000009e   0x00000002   PAD
    0x200000a0   0x000004b0   Zero   RW          416    .bss                usart3.o
    0x20000550   0x000000c8   Zero   RW          491    .bss                usart.o
    0x20000618   0x00000060   Zero   RW          951    .bss                c_w.l(libspace.o)
    0x20000678   0x00000200   Zero   RW          520    HEAP                startup_stm32f40_41xxx.o
    0x20000878   0x00000400   Zero   RW          519    STACK               startup_stm32f40_41xxx.o


==============================================================================

Image component sizes


      Code (inc. data)   RO Data    RW Data    ZI Data      Debug   Object Name

       260         10          0          0          0       1235   adc.o
       212         30          0          0          0        897   dac.o
       260          8          0          4          0       1573   delay.o
       276         16          0          0          0       1316   exti.o
       336         20          0          0          0        997   gpio.o
       904          4          0          0          0       4688   lcd16032.o
      1936        390          0        112          0     306521   main.o
       224         20          0          0          0       1913   misc.o
       620         12          0          0          0       1976   myiic.o
        64         26        392          0       1536        872   startup_stm32f40_41xxx.o
      1124         24          0          0          0      10782   stm32f4xx_adc.o
       528          6          0          0          0       5137   stm32f4xx_dac.o
       272         10          0          0          0       2383   stm32f4xx_exti.o
       660         44          0          0          0       4253   stm32f4xx_gpio.o
        26          0          0          0          0       1270   stm32f4xx_it.o
      1628         52          0         16          0      13176   stm32f4xx_rcc.o
       148         12          0          0          0       1893   stm32f4xx_syscfg.o
      3234         60          0          0          0      23108   stm32f4xx_tim.o
      1108         34          0          0          0       7976   stm32f4xx_usart.o
       528         46          0         20          0       1919   system_stm32f4xx.o
      1124         76          0          0          0       2104   timer.o
       328         16          0          6        200       3486   usart.o
      1264        100          0          0       1200       4071   usart3.o

    ----------------------------------------------------------------------
     17066       1016        424        160       2936     403546   Object Totals
         0          0         32          0          0          0   (incl. Generated)
         2          0          0          2          0          0   (incl. Padding)

    ----------------------------------------------------------------------

      Code (inc. data)   RO Data    RW Data    ZI Data      Debug   Library Member Name

        44          6          0          0          0         84   __2sprintf.o
         8          0          0          0          0         68   __main.o
       392          4         17          0          0         92   __printf_flags_ss_wp.o
        14          0          0          0          0         68   __printf_wp.o
         0          0          0          0          0          0   __rtentry.o
        12          0          0          0          0          0   __rtentry2.o
         6          0          0          0          0          0   __rtentry4.o
        52          8          0          0          0          0   __scatter.o
        26          0          0          0          0          0   __scatter_copy.o
        28          0          0          0          0          0   __scatter_zi.o
         6          0          0          0          0          0   _printf_a.o
         6          0          0          0          0          0   _printf_c.o
        44          0          0          0          0        108   _printf_char.o
        48          6          0          0          0         96   _printf_char_common.o
        40          0          0          0          0         68   _printf_charcount.o
         6          0          0          0          0          0   _printf_d.o
       120         16          0          0          0         92   _printf_dec.o
         6          0          0          0          0          0   _printf_e.o
         6          0          0          0          0          0   _printf_f.o
      1050          0          0          0          0        216   _printf_fp_dec.o
       764         10         38          0          0        100   _printf_fp_hex.o
       128         16          0          0          0         84   _printf_fp_infnan.o
         6          0          0          0          0          0   _printf_g.o
       148          4         40          0          0        160   _printf_hex_int_ll_ptr.o
         6          0          0          0          0          0   _printf_i.o
       178          0          0          0          0         88   _printf_intcommon.o
        10          0          0          0          0          0   _printf_l.o
         6          0          0          0          0          0   _printf_lc.o
        10          0          0          0          0          0   _printf_ll.o
         6          0          0          0          0          0   _printf_lld.o
         6          0          0          0          0          0   _printf_lli.o
         6          0          0          0          0          0   _printf_llo.o
         6          0          0          0          0          0   _printf_llu.o
         6          0          0          0          0          0   _printf_llx.o
       124         16          0          0          0         92   _printf_longlong_dec.o
         6          0          0          0          0          0   _printf_ls.o
         6          0          0          0          0          0   _printf_n.o
         6          0          0          0          0          0   _printf_o.o
       112          8          0          0          0        124   _printf_oct_int_ll.o
         6          0          0          0          0          0   _printf_p.o
        78          0          0          0          0        108   _printf_pad.o
         0          0          0          0          0          0   _printf_percent.o
         4          0          0          0          0          0   _printf_percent_end.o
         6          0          0          0          0          0   _printf_s.o
        82          0          0          0          0         80   _printf_str.o
        36          0          0          0          0         84   _printf_truncate.o
         6          0          0          0          0          0   _printf_u.o
        44          0          0          0          0        108   _printf_wchar.o
       188          6          8          0          0         92   _printf_wctomb.o
         6          0          0          0          0          0   _printf_x.o
        10          0          0          0          0         68   _sputc.o
        64          0          0          0          0         92   _wcrtomb.o
       220          4        148          0          0         96   bigflt0.o
      1910        128          0          0          0        672   btod.o
        18          0          0          0          0         80   exit.o
         6          0          0          0          0        152   heapauxi.o
        44         10        272          0          0         76   lc_ctype_c.o
        44         10         28          0          0         76   lc_numeric_c.o
         2          0          0          0          0          0   libinit.o
        34          0          0          0          0          0   libinit2.o
         2          0          0          0          0          0   libshutdown.o
         2          0          0          0          0          0   libshutdown2.o
         8          4          0          0         96         68   libspace.o
       138          0          0          0          0         80   lludiv10.o
        16          4          0          0          0         76   rt_ctype_table.o
         8          4          0          0          0         68   rt_locale_intlibspace.o
         2          0          0          0          0          0   rtexit.o
        10          0          0          0          0          0   rtexit2.o
       128          0          0          0          0         68   strcmpv7m.o
        62          0          0          0          0         76   strlen.o
        74          0          0          0          0         80   sys_stackheap_outer.o
         2          0          0          0          0         68   use_no_semi.o
         2          0          0          0          0         68   use_no_semi_2.o
        36          4          0          0          0         76   vsprintf.o
        98          4          0          0          0        140   d2f.o
       688        140          0          0          0        256   ddiv.o
        90          4          0          0          0        140   dfixu.o
        84          0          0          0          0        232   dflt_clz.o
       340         12          0          0          0        152   dmul.o
       156          4          0          0          0        140   dnaninf.o
        12          0          0          0          0        116   dretinf.o
        86          4          0          0          0        132   f2d.o
       140          4          0          0          0        132   fnaninf.o
        10          0          0          0          0        116   fpinit.o
        10          0          0          0          0        116   fretinf.o
         4          0          0          0          0        116   printf1.o
         4          0          0          0          0        116   printf2.o
         0          0          0          0          0          0   usenofp.o
        48          0          0          0          0        124   fpclassify.o

    ----------------------------------------------------------------------
      8540        440        554          0         96       6080   Library Totals
        18          0          3          0          0          0   (incl. Padding)

    ----------------------------------------------------------------------

      Code (inc. data)   RO Data    RW Data    ZI Data      Debug   Library Name

      6752        268        551          0         96       4052   c_w.l
      1722        172          0          0          0       1904   fz_wm.l
        48          0          0          0          0        124   m_wm.l

    ----------------------------------------------------------------------
      8540        440        554          0         96       6080   Library Totals

    ----------------------------------------------------------------------

==============================================================================


      Code (inc. data)   RO Data    RW Data    ZI Data      Debug   

     25606       1456        978        160       3032     401542   Grand Totals
     25606       1456        978        160       3032     401542   ELF Image Totals
     25606       1456        978        160          0          0   ROM Totals

==============================================================================

    Total RO  Size (Code + RO Data)                26584 (  25.96kB)
    Total RW  Size (RW Data + ZI Data)              3192 (   3.12kB)
    Total ROM Size (Code + RO Data + RW Data)      26744 (  26.12kB)

==============================================================================

