BL51 BANKED LINKER/LOCATER V6.22                                                        11/19/2020  13:46:54  PAGE 1


BL51 BANKED LINKER/LOCATER V6.22, INVOKED BY:
D:\KEIL5\KEIL_C51\C51\BIN\BL51.EXE .\OBJ\Main.obj TO .\OBJ\DC PRINT (.\DC.m51) RAMSIZE (256)


MEMORY MODEL: SMALL WITH FLOATING POINT ARITHMETIC


INPUT MODULES INCLUDED:
  .\OBJ\Main.obj (MAIN)
  D:\KEIL5\KEIL_C51\C51\LIB\C51FPS.LIB (?C?FPADD)
  D:\KEIL5\KEIL_C51\C51\LIB\C51FPS.LIB (?C?FPMUL)
  D:\KEIL5\KEIL_C51\C51\LIB\C51FPS.LIB (?C?FPDIV)
  D:\KEIL5\KEIL_C51\C51\LIB\C51FPS.LIB (?C?FPCMP)
  D:\KEIL5\KEIL_C51\C51\LIB\C51FPS.LIB (?C?FCAST)
  D:\KEIL5\KEIL_C51\C51\LIB\C51FPS.LIB (?C?CASTF)
  D:\KEIL5\KEIL_C51\C51\LIB\C51FPS.LIB (LOG)
  D:\KEIL5\KEIL_C51\C51\LIB\C51FPS.LIB (?C?FPGETOPN)
  D:\KEIL5\KEIL_C51\C51\LIB\C51FPS.LIB (?C?FPSERIES)
  D:\KEIL5\KEIL_C51\C51\LIB\C51S.LIB (?C_STARTUP)
  D:\KEIL5\KEIL_C51\C51\LIB\C51S.LIB (?C?LMUL)
  D:\KEIL5\KEIL_C51\C51\LIB\C51S.LIB (?C?LNEG)
  D:\KEIL5\KEIL_C51\C51\LIB\C51S.LIB (?C?LLDCODE)
  D:\KEIL5\KEIL_C51\C51\LIB\C51S.LIB (?C?LLDCODE0)
  D:\KEIL5\KEIL_C51\C51\LIB\C51S.LIB (?C?LLDIIDATA)
  D:\KEIL5\KEIL_C51\C51\LIB\C51S.LIB (?C_INIT)


LINK MAP OF MODULE:  .\OBJ\DC (MAIN)


            TYPE    BASE      LENGTH    RELOCATION   SEGMENT NAME
            -----------------------------------------------------

            * * * * * * *   D A T A   M E M O R Y   * * * * * * *
            REG     0000H     0008H     ABSOLUTE     "REG BANK 0"
                    0008H     0018H                  *** GAP ***
            BIT     0020H.0   0000H.1   UNIT         ?BI?MAIN
            BIT     0020H.1   0000H.1   UNIT         _BIT_GROUP_
                    0020H.2   0000H.6                *** GAP ***
            DATA    0021H     0025H     UNIT         ?DT?MAIN
            DATA    0046H     0020H     UNIT         _DATA_GROUP_
            IDATA   0066H     0001H     UNIT         ?STACK

            * * * * * * *   C O D E   M E M O R Y   * * * * * * *
            CODE    0000H     0003H     ABSOLUTE     
            CODE    0003H     0003H     ABSOLUTE     
                    0006H     001DH                  *** GAP ***
            CODE    0023H     0003H     ABSOLUTE     
            CODE    0026H     04C0H     UNIT         ?C?LIB_CODE
            CODE    04E6H     01F9H     UNIT         ?PR?MAIN?MAIN
            CODE    06DFH     0135H     UNIT         ?PR?LOG?LOG
            CODE    0814H     0131H     UNIT         ?PR?TEMPERATURE_CONVERT?MAIN
            CODE    0945H     00BBH     UNIT         ?PR?_MOTOR_REMIX_STAY?MAIN
            CODE    0A00H     00A9H     UNIT         ?PR?_MOTOR_REMIX_DOWM?MAIN
            CODE    0AA9H     008CH     UNIT         ?C_C51STARTUP
            CODE    0B35H     0083H     UNIT         ?PR?COMMUN?MAIN
            CODE    0BB8H     006CH     UNIT         ?PR?_TMP_CONTROL?MAIN
            CODE    0C24H     005FH     UNIT         ?PR?SYS_INT?MAIN
BL51 BANKED LINKER/LOCATER V6.22                                                      11/19/2020  13:46:54  PAGE 2


            CODE    0C83H     004CH     UNIT         ?PR?SEND_DATA?MAIN
            CODE    0CCFH     004CH     UNIT         ?PR?SEND_DATA_MIXINGHOLD?MAIN
            CODE    0D1BH     004CH     UNIT         ?PR?SEND_DATA_TEMPDOWN?MAIN
            CODE    0D67H     004CH     UNIT         ?PR?SEND_DATA_MIXINGDOWN?MAIN
            CODE    0DB3H     0047H     UNIT         ?PR?_FAN_EN?MAIN
            CODE    0DFAH     002CH     UNIT         ?PR?_DELAY?MAIN
            CODE    0E26H     0029H     UNIT         ?PR?SEND_DATA_BBACK?MAIN
            CODE    0E4FH     0029H     UNIT         ?PR?SEND_DATA_Z?MAIN
            CODE    0E78H     0026H     UNIT         ?C_INITSEG
            CODE    0E9EH     0020H     UNIT         ?PR?INTERRUPTINT0?MAIN



OVERLAY MAP OF MODULE:   .\OBJ\DC (MAIN)


SEGMENT                                  BIT_GROUP          DATA_GROUP 
  +--> CALLED SEGMENT                 START    LENGTH     START    LENGTH
-------------------------------------------------------------------------
?C_C51STARTUP                         -----    -----      -----    -----
  +--> ?PR?MAIN?MAIN
  +--> ?C_INITSEG

?PR?MAIN?MAIN                         -----    -----      -----    -----
  +--> ?PR?SYS_INT?MAIN
  +--> ?PR?_DELAY?MAIN
  +--> ?PR?TEMPERATURE_CONVERT?MAIN
  +--> ?PR?_TMP_CONTROL?MAIN
  +--> ?PR?SEND_DATA?MAIN
  +--> ?PR?SEND_DATA_MIXINGHOLD?MAIN
  +--> ?PR?_MOTOR_REMIX_STAY?MAIN
  +--> ?PR?SEND_DATA_TEMPDOWN?MAIN
  +--> ?PR?_FAN_EN?MAIN
  +--> ?PR?SEND_DATA_MIXINGDOWN?MAIN
  +--> ?PR?_MOTOR_REMIX_DOWM?MAIN
  +--> ?PR?SEND_DATA_Z?MAIN

?PR?SYS_INT?MAIN                      -----    -----      -----    -----
  +--> ?PR?_DELAY?MAIN

?PR?_DELAY?MAIN                       -----    -----      0050H    0004H

?PR?TEMPERATURE_CONVERT?MAIN          -----    -----      0050H    0012H
  +--> ?PR?LOG?LOG

?PR?LOG?LOG                           0020H.1  0000H.1    0062H    0004H

?PR?_TMP_CONTROL?MAIN                 -----    -----      0050H    0004H

?PR?_MOTOR_REMIX_STAY?MAIN            -----    -----      0046H    0008H
  +--> ?PR?TEMPERATURE_CONVERT?MAIN
  +--> ?PR?_TMP_CONTROL?MAIN
  +--> ?PR?_DELAY?MAIN
  +--> ?PR?SEND_DATA_MIXINGHOLD?MAIN

?PR?_FAN_EN?MAIN                      -----    -----      0046H    0004H
  +--> ?PR?TEMPERATURE_CONVERT?MAIN
BL51 BANKED LINKER/LOCATER V6.22                                                      11/19/2020  13:46:54  PAGE 3


  +--> ?PR?_TMP_CONTROL?MAIN
  +--> ?PR?_DELAY?MAIN
  +--> ?PR?SEND_DATA_TEMPDOWN?MAIN

?PR?_MOTOR_REMIX_DOWM?MAIN            -----    -----      0046H    000AH
  +--> ?PR?TEMPERATURE_CONVERT?MAIN
  +--> ?PR?_TMP_CONTROL?MAIN
  +--> ?PR?_DELAY?MAIN
  +--> ?PR?SEND_DATA_MIXINGDOWN?MAIN



SYMBOL TABLE OF MODULE:  .\OBJ\DC (MAIN)

  VALUE           TYPE          NAME
  ----------------------------------

  -------         MODULE        MAIN
  C:0000H         SYMBOL        _ICE_DUMMY_
  C:0E26H         PUBLIC        send_data_bback
  D:0080H         PUBLIC        P0
  D:00A0H         PUBLIC        P2
  D:00B0H         PUBLIC        P3
  C:0E4FH         PUBLIC        send_data_z
  B:00A8H.7       PUBLIC        EA
  D:00D8H         PUBLIC        ADCSTAT
  D:0021H         PUBLIC        restart
  D:00D2H         PUBLIC        ADC0CON1
  D:00E6H         PUBLIC        ADC0CON2
  C:0C24H         PUBLIC        sys_int
  B:00A8H.6       PUBLIC        EADC
  D:00A8H         PUBLIC        IE
  C:0E10H         PUBLIC        _delay
  B:0080H.1       PUBLIC        CON1
  D:009DH         PUBLIC        T3FD
  C:0B35H         PUBLIC        commun
  B:0080H.3       PUBLIC        EN
  B:0080H.0       PUBLIC        CON2
  D:0023H         PUBLIC        Ttest
  B:00A8H.4       PUBLIC        ES
  C:0BC0H         PUBLIC        _Tmp_control
  D:00D4H         PUBLIC        SF
  D:00B8H         PUBLIC        IP
  B:0098H.0       PUBLIC        RI
  B:0098H.1       PUBLIC        TI
  B:00D8H.7       PUBLIC        RDY0
  D:00E8H         PUBLIC        I2CCON
  D:0027H         PUBLIC        rece
  D:002AH         PUBLIC        tempi
  B:00B8H.4       PUBLIC        PS
  D:00E8H         PUBLIC        DCON
  C:04E6H         PUBLIC        main
  B:0020H.0       PUBLIC        dir_control
  D:002CH         PUBLIC        mode
  C:0C83H         PUBLIC        send_data
  D:002EH         PUBLIC        heat_status
  D:002FH         PUBLIC        X0MODE
BL51 BANKED LINKER/LOCATER V6.22                                                      11/19/2020  13:46:54  PAGE 4


  D:0099H         PUBLIC        SBUF
  D:0098H         PUBLIC        SCON
  D:0088H         PUBLIC        TCON
  D:0031H         PUBLIC        temperature
  D:0035H         PUBLIC        con_kinds
  D:00DBH         PUBLIC        ADC0H
  C:0CCFH         PUBLIC        send_data_mixinghold
  D:00D9H         PUBLIC        ADC0L
  D:0036H         PUBLIC        cnt
  D:00DAH         PUBLIC        ADC0M
  B:00A8H.1       PUBLIC        ET0
  B:00A8H.3       PUBLIC        ET1
  D:00D7H         PUBLIC        PLLCON
  D:0037H         PUBLIC        Tem_rel
  D:008CH         PUBLIC        TH0
  B:00A8H.0       PUBLIC        EX0
  B:0088H.0       PUBLIC        IT0
  D:008DH         PUBLIC        TH1
  D:00F8H         PUBLIC        SPICON
  D:008AH         PUBLIC        TL0
  D:008BH         PUBLIC        TL1
  C:0D67H         PUBLIC        send_data_mixingdown
  B:0088H.4       PUBLIC        TR0
  D:00AEH         PUBLIC        PWMCON
  C:0A00H         PUBLIC        _motor_remix_dowm
  B:0088H.6       PUBLIC        TR1
  D:003BH         PUBLIC        Temperature_Signal
  D:003FH         PUBLIC        du
  D:0041H         PUBLIC        dutycycle
  B:0080H.2       PUBLIC        DIR
  C:0945H         PUBLIC        _motor_remix_stay
  D:0043H         PUBLIC        highbit
  D:00C8H         PUBLIC        T2CON
  D:009EH         PUBLIC        T3CON
  C:0DB3H         PUBLIC        _fan_en
  D:00B2H         PUBLIC        PWM0H
  D:00B4H         PUBLIC        PWM1H
  D:00D1H         PUBLIC        ADCMODE
  C:0E9EH         PUBLIC        InterruptINT0
  D:00B1H         PUBLIC        PWM0L
  D:00B3H         PUBLIC        PWM1L
  D:00AFH         PUBLIC        CFG847
  D:0045H         PUBLIC        flages
  D:00D0H         PUBLIC        PSW
  C:0814H         PUBLIC        Temperature_convert
  D:00C0H         PUBLIC        WDCON
  C:0D1BH         PUBLIC        send_data_tempdown
  C:0DFAH         SYMBOL        L?0136
  C:0E0CH         SYMBOL        L?0137
  -------         PROC          L?0135
  -------         ENDPROC       L?0135
  C:0DFAH         SYMBOL        L?0136
  C:0E0CH         SYMBOL        L?0137
  -------         PROC          _DELAY
  D:0050H         SYMBOL        i
  C:0E10H         LINE#         33
  C:0E18H         LINE#         34
BL51 BANKED LINKER/LOCATER V6.22                                                      11/19/2020  13:46:54  PAGE 5


  C:0E18H         LINE#         35
  C:0E25H         LINE#         36
  -------         ENDPROC       _DELAY
  -------         PROC          TEMPERATURE_CONVERT
  -------         DO            
  D:0004H         SYMBOL        test_R
  D:0050H         SYMBOL        sample
  D:0056H         SYMBOL        tmp1
  D:005AH         SYMBOL        tmp2
  D:005EH         SYMBOL        tmp3
  D:0004H         SYMBOL        temper
  -------         ENDDO         
  C:0814H         LINE#         43
  C:0814H         LINE#         44
  C:0814H         LINE#         47
  C:081DH         LINE#         48
  C:0825H         LINE#         49
  C:082DH         LINE#         50
  C:0831H         LINE#         54
  C:0834H         LINE#         55
  C:0836H         LINE#         56
  C:0839H         LINE#         57
  C:083CH         LINE#         58
  C:083EH         LINE#         59
  C:0845H         LINE#         60
  C:084CH         LINE#         61
  C:0853H         LINE#         62
  C:0856H         LINE#         64
  C:088BH         LINE#         65
  C:08ABH         LINE#         66
  C:08F5H         LINE#         67
  C:091BH         LINE#         68
  C:0934H         LINE#         69
  C:093CH         LINE#         70
  C:0944H         LINE#         71
  C:0944H         LINE#         72
  -------         ENDPROC       TEMPERATURE_CONVERT
  -------         PROC          L?0138
  -------         ENDPROC       L?0138
  -------         PROC          _TMP_CONTROL
  D:0050H         SYMBOL        target
  C:0BC0H         LINE#         75
  C:0BC8H         LINE#         76
  C:0BC8H         LINE#         82
  C:0BD4H         LINE#         84
  C:0BE3H         LINE#         85
  C:0BE3H         LINE#         86
  C:0BE9H         LINE#         87
  C:0BE9H         LINE#         88
  C:0BEBH         LINE#         89
  C:0BEBH         LINE#         90
  C:0C0CH         LINE#         91
  C:0C0CH         LINE#         92
  C:0C12H         LINE#         93
  C:0C15H         LINE#         94
  C:0C17H         LINE#         95
  C:0C17H         LINE#         97
BL51 BANKED LINKER/LOCATER V6.22                                                      11/19/2020  13:46:54  PAGE 6


  C:0C17H         LINE#         98
  C:0C1CH         LINE#         99
  C:0C1FH         LINE#         100
  C:0C1FH         LINE#         101
  C:0C23H         LINE#         102
  -------         ENDPROC       _TMP_CONTROL
  -------         PROC          SEND_DATA_BBACK
  C:0E26H         LINE#         131
  C:0E26H         LINE#         132
  C:0E28H         LINE#         133
  C:0E2AH         LINE#         134
  C:0E2CH         LINE#         136
  C:0E2FH         LINE#         137
  C:0E32H         LINE#         138
  C:0E34H         LINE#         140
  C:0E37H         LINE#         141
  C:0E3AH         LINE#         142
  C:0E3CH         LINE#         144
  C:0E3FH         LINE#         145
  C:0E42H         LINE#         146
  C:0E44H         LINE#         148
  C:0E47H         LINE#         149
  C:0E4AH         LINE#         150
  C:0E4CH         LINE#         152
  C:0E4EH         LINE#         154
  -------         ENDPROC       SEND_DATA_BBACK
  -------         PROC          SEND_DATA
  -------         DO            
  D:0002H         SYMBOL        temp_rel_H
  D:0006H         SYMBOL        temp_rel_L
  D:0004H         SYMBOL        temp_rel
  -------         ENDDO         
  C:0C83H         LINE#         157
  C:0C83H         LINE#         159
  C:0C83H         LINE#         166
  C:0C9CH         LINE#         167
  C:0CA0H         LINE#         168
  C:0CA8H         LINE#         170
  C:0CAAH         LINE#         171
  C:0CACH         LINE#         172
  C:0CAEH         LINE#         174
  C:0CB1H         LINE#         175
  C:0CB4H         LINE#         176
  C:0CB6H         LINE#         178
  C:0CB8H         LINE#         179
  C:0CBBH         LINE#         180
  C:0CBDH         LINE#         182
  C:0CBFH         LINE#         183
  C:0CC2H         LINE#         184
  C:0CC4H         LINE#         186
  C:0CC7H         LINE#         187
  C:0CCAH         LINE#         188
  C:0CCCH         LINE#         190
  C:0CCEH         LINE#         191
  -------         ENDPROC       SEND_DATA
  -------         PROC          SEND_DATA_Z
  C:0E4FH         LINE#         194
BL51 BANKED LINKER/LOCATER V6.22                                                      11/19/2020  13:46:54  PAGE 7


  C:0E4FH         LINE#         195
  C:0E51H         LINE#         196
  C:0E53H         LINE#         197
  C:0E55H         LINE#         199
  C:0E58H         LINE#         200
  C:0E5BH         LINE#         201
  C:0E5DH         LINE#         203
  C:0E60H         LINE#         204
  C:0E63H         LINE#         205
  C:0E65H         LINE#         207
  C:0E68H         LINE#         208
  C:0E6BH         LINE#         209
  C:0E6DH         LINE#         211
  C:0E70H         LINE#         212
  C:0E73H         LINE#         213
  C:0E75H         LINE#         215
  C:0E77H         LINE#         217
  -------         ENDPROC       SEND_DATA_Z
  -------         PROC          SEND_DATA_MIXINGHOLD
  -------         DO            
  D:0002H         SYMBOL        temp_rel_H
  D:0006H         SYMBOL        temp_rel_L
  D:0004H         SYMBOL        temp_rel
  -------         ENDDO         
  C:0CCFH         LINE#         220
  C:0CCFH         LINE#         221
  C:0CCFH         LINE#         228
  C:0CE8H         LINE#         229
  C:0CECH         LINE#         230
  C:0CF4H         LINE#         232
  C:0CF6H         LINE#         233
  C:0CF8H         LINE#         234
  C:0CFAH         LINE#         236
  C:0CFDH         LINE#         237
  C:0D00H         LINE#         238
  C:0D02H         LINE#         240
  C:0D04H         LINE#         241
  C:0D07H         LINE#         242
  C:0D09H         LINE#         244
  C:0D0BH         LINE#         245
  C:0D0EH         LINE#         246
  C:0D10H         LINE#         248
  C:0D13H         LINE#         249
  C:0D16H         LINE#         250
  C:0D18H         LINE#         252
  C:0D1AH         LINE#         254
  -------         ENDPROC       SEND_DATA_MIXINGHOLD
  -------         PROC          SEND_DATA_TEMPDOWN
  -------         DO            
  D:0002H         SYMBOL        temp_rel_H
  D:0006H         SYMBOL        temp_rel_L
  D:0004H         SYMBOL        temp_rel
  -------         ENDDO         
  C:0D1BH         LINE#         257
  C:0D1BH         LINE#         258
  C:0D1BH         LINE#         265
  C:0D34H         LINE#         266
BL51 BANKED LINKER/LOCATER V6.22                                                      11/19/2020  13:46:54  PAGE 8


  C:0D38H         LINE#         267
  C:0D40H         LINE#         269
  C:0D42H         LINE#         270
  C:0D44H         LINE#         271
  C:0D46H         LINE#         273
  C:0D49H         LINE#         274
  C:0D4CH         LINE#         275
  C:0D4EH         LINE#         277
  C:0D50H         LINE#         278
  C:0D53H         LINE#         279
  C:0D55H         LINE#         281
  C:0D57H         LINE#         282
  C:0D5AH         LINE#         283
  C:0D5CH         LINE#         285
  C:0D5FH         LINE#         286
  C:0D62H         LINE#         287
  C:0D64H         LINE#         289
  C:0D66H         LINE#         291
  -------         ENDPROC       SEND_DATA_TEMPDOWN
  -------         PROC          SEND_DATA_MIXINGDOWN
  -------         DO            
  D:0002H         SYMBOL        temp_rel_H
  D:0006H         SYMBOL        temp_rel_L
  D:0004H         SYMBOL        temp_rel
  -------         ENDDO         
  C:0D67H         LINE#         294
  C:0D67H         LINE#         295
  C:0D67H         LINE#         302
  C:0D80H         LINE#         303
  C:0D84H         LINE#         304
  C:0D8CH         LINE#         306
  C:0D8EH         LINE#         307
  C:0D90H         LINE#         308
  C:0D92H         LINE#         310
  C:0D95H         LINE#         311
  C:0D98H         LINE#         312
  C:0D9AH         LINE#         314
  C:0D9CH         LINE#         315
  C:0D9FH         LINE#         316
  C:0DA1H         LINE#         318
  C:0DA3H         LINE#         319
  C:0DA6H         LINE#         320
  C:0DA8H         LINE#         322
  C:0DABH         LINE#         323
  C:0DAEH         LINE#         324
  C:0DB0H         LINE#         326
  C:0DB2H         LINE#         328
  -------         ENDPROC       SEND_DATA_MIXINGDOWN
  -------         PROC          SYS_INT
  C:0C24H         LINE#         339
  C:0C24H         LINE#         340
  C:0C24H         LINE#         343
  C:0C27H         LINE#         344
  C:0C2AH         LINE#         345
  C:0C2DH         LINE#         346
  C:0C30H         LINE#         347
  C:0C33H         LINE#         349
BL51 BANKED LINKER/LOCATER V6.22                                                      11/19/2020  13:46:54  PAGE 9


  C:0C3AH         LINE#         350
  C:0C3CH         LINE#         352
  C:0C3FH         LINE#         353
  C:0C41H         LINE#         355
  C:0C43H         LINE#         356
  C:0C46H         LINE#         358
  C:0C49H         LINE#         359
  C:0C4CH         LINE#         360
  C:0C4FH         LINE#         362
  C:0C51H         LINE#         368
  C:0C54H         LINE#         369
  C:0C57H         LINE#         370
  C:0C59H         LINE#         372
  C:0C5CH         LINE#         373
  C:0C5FH         LINE#         374
  C:0C61H         LINE#         376
  C:0C63H         LINE#         377
  C:0C65H         LINE#         379
  C:0C67H         LINE#         381
  C:0C6AH         LINE#         382
  C:0C6DH         LINE#         383
  C:0C70H         LINE#         384
  C:0C72H         LINE#         386
  C:0C7AH         LINE#         388
  C:0C7CH         LINE#         389
  C:0C7EH         LINE#         390
  C:0C80H         LINE#         392
  C:0C82H         LINE#         393
  -------         ENDPROC       SYS_INT
  -------         PROC          _MOTOR_REMIX_STAY
  D:0046H         SYMBOL        cycle
  D:0048H         SYMBOL        T
  -------         DO            
  D:004AH         SYMBOL        i
  D:004CH         SYMBOL        tempi
  -------         ENDDO         
  C:0945H         LINE#         395
  C:094DH         LINE#         396
  C:094DH         LINE#         398
  C:0952H         LINE#         399
  C:0968H         LINE#         400
  C:096BH         LINE#         401
  C:0976H         LINE#         403
  C:097EH         LINE#         404
  C:0980H         LINE#         405
  C:0984H         LINE#         406
  C:0987H         LINE#         407
  C:098AH         LINE#         408
  C:098CH         LINE#         409
  C:0993H         LINE#         410
  C:0996H         LINE#         411
  C:0999H         LINE#         412
  C:099CH         LINE#         414
  C:09A4H         LINE#         415
  C:09A4H         LINE#         416
  C:09A7H         LINE#         417
  C:09ABH         LINE#         418
BL51 BANKED LINKER/LOCATER V6.22                                                      11/19/2020  13:46:54  PAGE 10


  C:09ADH         LINE#         420
  C:09ADH         LINE#         421
  C:09B0H         LINE#         422
  C:09BBH         LINE#         424
  C:09BBH         LINE#         425
  C:09BDH         LINE#         426
  C:09C8H         LINE#         427
  C:09D3H         LINE#         428
  C:09D6H         LINE#         429
  C:09E1H         LINE#         430
  C:09E1H         LINE#         431
  C:09E1H         LINE#         432
  C:09E1H         LINE#         433
  C:09E1H         LINE#         434
  C:09E1H         LINE#         435
  C:09E4H         LINE#         437
  C:09E7H         LINE#         438
  C:09EAH         LINE#         439
  C:09F5H         LINE#         440
  C:09F8H         LINE#         441
  C:09FDH         LINE#         442
  C:09FFH         LINE#         444
  -------         ENDPROC       _MOTOR_REMIX_STAY
  -------         PROC          _MOTOR_REMIX_DOWM
  D:0046H         SYMBOL        cycle
  D:0048H         SYMBOL        T
  -------         DO            
  D:004AH         SYMBOL        i
  D:004CH         SYMBOL        k
  D:004EH         SYMBOL        tempi
  -------         ENDDO         
  C:0A00H         LINE#         447
  C:0A08H         LINE#         448
  C:0A08H         LINE#         450
  C:0A0DH         LINE#         451
  C:0A23H         LINE#         452
  C:0A26H         LINE#         453
  C:0A31H         LINE#         455
  C:0A39H         LINE#         456
  C:0A39H         LINE#         457
  C:0A39H         LINE#         458
  C:0A39H         LINE#         459
  C:0A39H         LINE#         460
  C:0A39H         LINE#         461
  C:0A3CH         LINE#         462
  C:0A3FH         LINE#         463
  C:0A42H         LINE#         464
  C:0A45H         LINE#         466
  C:0A4DH         LINE#         467
  C:0A4DH         LINE#         468
  C:0A50H         LINE#         469
  C:0A54H         LINE#         470
  C:0A56H         LINE#         472
  C:0A56H         LINE#         473
  C:0A59H         LINE#         474
  C:0A64H         LINE#         476
  C:0A64H         LINE#         477
BL51 BANKED LINKER/LOCATER V6.22                                                      11/19/2020  13:46:54  PAGE 11


  C:0A66H         LINE#         478
  C:0A69H         LINE#         479
  C:0A74H         LINE#         480
  C:0A7FH         LINE#         482
  C:0A8AH         LINE#         483
  C:0A8AH         LINE#         484
  C:0A8AH         LINE#         485
  C:0A8AH         LINE#         486
  C:0A8AH         LINE#         487
  C:0A8AH         LINE#         488
  C:0A8DH         LINE#         490
  C:0A90H         LINE#         491
  C:0A93H         LINE#         492
  C:0A9EH         LINE#         493
  C:0AA1H         LINE#         494
  C:0AA6H         LINE#         495
  C:0AA8H         LINE#         497
  -------         ENDPROC       _MOTOR_REMIX_DOWM
  -------         PROC          _FAN_EN
  D:0046H         SYMBOL        cycle
  -------         DO            
  D:0048H         SYMBOL        i
  D:0002H         SYMBOL        j
  -------         ENDDO         
  C:0DB3H         LINE#         501
  C:0DB7H         LINE#         503
  C:0DB9H         LINE#         505
  C:0DCFH         LINE#         506
  C:0DD2H         LINE#         507
  C:0DD5H         LINE#         509
  C:0DD8H         LINE#         510
  C:0DD8H         LINE#         511
  C:0DDFH         LINE#         512
  C:0DEAH         LINE#         513
  C:0DEDH         LINE#         515
  C:0DF7H         LINE#         516
  C:0DF9H         LINE#         517
  -------         ENDPROC       _FAN_EN
  -------         PROC          MAIN
  C:04E6H         LINE#         526
  C:04E6H         LINE#         527
  C:04E6H         LINE#         533
  C:04E8H         LINE#         534
  C:04EAH         LINE#         537
  C:04EDH         LINE#         540
  C:04EFH         LINE#         541
  C:04F1H         LINE#         542
  C:04F8H         LINE#         543
  C:04FEH         LINE#         545
  C:0501H         LINE#         546
  C:0504H         LINE#         547
  C:0506H         LINE#         548
  C:0508H         LINE#         549
  C:050FH         LINE#         551
  C:0511H         LINE#         552
  C:0518H         LINE#         554
  C:0520H         LINE#         555
BL51 BANKED LINKER/LOCATER V6.22                                                      11/19/2020  13:46:54  PAGE 12


  C:0520H         LINE#         556
  C:0522H         LINE#         557
  C:0524H         LINE#         558
  C:0527H         LINE#         559
  C:052AH         LINE#         561
  C:0533H         LINE#         563
  C:0533H         LINE#         565
  C:0535H         LINE#         566
  C:0540H         LINE#         570
  C:0543H         LINE#         571
  C:0546H         LINE#         572
  C:0548H         LINE#         573
  C:054AH         LINE#         574
  C:0551H         LINE#         576
  C:0553H         LINE#         577
  C:055AH         LINE#         579
  C:0562H         LINE#         580
  C:0562H         LINE#         581
  C:0564H         LINE#         582
  C:0566H         LINE#         583
  C:0569H         LINE#         584
  C:056CH         LINE#         586
  C:0575H         LINE#         588
  C:0575H         LINE#         590
  C:0577H         LINE#         591
  C:0582H         LINE#         606
  C:0586H         LINE#         607
  C:0586H         LINE#         608
  C:0586H         LINE#         609
  C:058DH         LINE#         612
  C:05A9H         LINE#         613
  C:05A9H         LINE#         614
  C:05A9H         LINE#         615
  C:05B0H         LINE#         616
  C:05B3H         LINE#         617
  C:05BEH         LINE#         619
  C:05C3H         LINE#         620
  C:05C6H         LINE#         621
  C:05C9H         LINE#         622
  C:05C9H         LINE#         623
  C:05D0H         LINE#         625
  C:05D2H         LINE#         627
  C:05D2H         LINE#         629
  C:05DDH         LINE#         630
  C:05E0H         LINE#         632
  C:05EBH         LINE#         634
  C:05EEH         LINE#         635
  C:05F9H         LINE#         636
  C:0600H         LINE#         638
  C:0603H         LINE#         639
  C:060EH         LINE#         640
  C:0610H         LINE#         641
  C:061BH         LINE#         643
  C:0626H         LINE#         645
  C:0628H         LINE#         646
  C:0633H         LINE#         647
  C:063EH         LINE#         648
BL51 BANKED LINKER/LOCATER V6.22                                                      11/19/2020  13:46:54  PAGE 13


  C:0641H         LINE#         649
  C:0644H         LINE#         650
  C:0647H         LINE#         652
  C:0647H         LINE#         653
  C:064EH         LINE#         654
  C:0650H         LINE#         655
  C:0652H         LINE#         656
  C:0659H         LINE#         657
  C:065FH         LINE#         659
  C:0662H         LINE#         660
  C:0665H         LINE#         661
  C:0667H         LINE#         662
  C:0669H         LINE#         664
  C:066CH         LINE#         666
  C:066CH         LINE#         667
  C:0673H         LINE#         668
  C:0675H         LINE#         669
  C:0678H         LINE#         670
  C:067BH         LINE#         671
  C:067EH         LINE#         672
  C:0681H         LINE#         674
  C:0681H         LINE#         675
  C:0683H         LINE#         676
  C:0685H         LINE#         677
  C:068CH         LINE#         678
  C:0692H         LINE#         680
  C:0695H         LINE#         681
  C:0698H         LINE#         682
  C:069AH         LINE#         683
  C:069CH         LINE#         684
  C:06A7H         LINE#         686
  C:06A9H         LINE#         687
  C:06B0H         LINE#         689
  C:06B8H         LINE#         690
  C:06B8H         LINE#         691
  C:06BAH         LINE#         692
  C:06BCH         LINE#         693
  C:06BFH         LINE#         694
  C:06C2H         LINE#         696
  C:06CCH         LINE#         697
  C:06CCH         LINE#         699
  C:06CEH         LINE#         700
  C:06D9H         LINE#         701
  C:06DCH         LINE#         702
  -------         ENDPROC       MAIN
  -------         PROC          INTERRUPTINT0
  C:0E9EH         LINE#         721
  C:0EA2H         LINE#         723
  C:0EAFH         LINE#         724
  C:0EAFH         LINE#         725
  C:0EAFH         LINE#         726
  C:0EAFH         LINE#         727
  C:0EAFH         LINE#         728
  C:0EAFH         LINE#         729
  C:0EAFH         LINE#         731
  C:0EB1H         LINE#         733
  C:0EB7H         LINE#         734
BL51 BANKED LINKER/LOCATER V6.22                                                      11/19/2020  13:46:54  PAGE 14


  C:0EB9H         LINE#         735
  C:0EB9H         LINE#         737
  C:0EB9H         LINE#         739
  C:0EB9H         LINE#         740
  C:0EB9H         LINE#         745
  -------         ENDPROC       INTERRUPTINT0
  -------         PROC          COMMUN
  C:0B35H         LINE#         769
  C:0B39H         LINE#         776
  C:0B3BH         LINE#         777
  C:0B3DH         LINE#         785
  C:0B40H         LINE#         786
  C:0B42H         LINE#         788
  C:0B45H         LINE#         789
  C:0B48H         LINE#         790
  C:0B4AH         LINE#         792
  C:0B4DH         LINE#         793
  C:0B50H         LINE#         794
  C:0B52H         LINE#         796
  C:0B63H         LINE#         797
  C:0B63H         LINE#         798
  C:0B66H         LINE#         799
  C:0B66H         LINE#         800
  C:0B77H         LINE#         801
  C:0B77H         LINE#         802
  C:0B7AH         LINE#         803
  C:0B7AH         LINE#         805
  C:0B92H         LINE#         806
  C:0B92H         LINE#         807
  C:0B92H         LINE#         808
  C:0B95H         LINE#         809
  C:0B97H         LINE#         811
  C:0B97H         LINE#         812
  C:0B9AH         LINE#         814
  C:0B9CH         LINE#         816
  C:0B9CH         LINE#         817
  C:0B9FH         LINE#         818
  C:0BA1H         LINE#         819
  C:0BA1H         LINE#         820
  C:0BA4H         LINE#         821
  C:0BA6H         LINE#         822
  C:0BA6H         LINE#         823
  C:0BACH         LINE#         824
  C:0BAEH         LINE#         830
  C:0BAEH         LINE#         831
  C:0BB1H         LINE#         832
  C:0BB1H         LINE#         834
  C:0BB1H         LINE#         835
  C:0BB1H         LINE#         836
  C:0BB1H         LINE#         838
  C:0BB3H         LINE#         839
  -------         ENDPROC       COMMUN
  -------         ENDMOD        MAIN

  -------         MODULE        ?C?FPADD
  C:002DH         PUBLIC        ?C?FPADD
  C:0029H         PUBLIC        ?C?FPSUB
BL51 BANKED LINKER/LOCATER V6.22                                                      11/19/2020  13:46:54  PAGE 15


  -------         ENDMOD        ?C?FPADD

  -------         MODULE        ?C?FPMUL
  C:011EH         PUBLIC        ?C?FPMUL
  -------         ENDMOD        ?C?FPMUL

  -------         MODULE        ?C?FPDIV
  C:0227H         PUBLIC        ?C?FPDIV
  -------         ENDMOD        ?C?FPDIV

  -------         MODULE        ?C?FPCMP
  C:02C6H         PUBLIC        ?C?FPCMP
  C:02C4H         PUBLIC        ?C?FPCMP3
  -------         ENDMOD        ?C?FPCMP

  -------         MODULE        ?C?FCAST
  C:0347H         PUBLIC        ?C?FCASTC
  C:0342H         PUBLIC        ?C?FCASTI
  C:033DH         PUBLIC        ?C?FCASTL
  -------         ENDMOD        ?C?FCAST

  -------         MODULE        ?C?CASTF
  C:037BH         PUBLIC        ?C?CASTF
  -------         ENDMOD        ?C?CASTF

  -------         MODULE        LOG
  C:0713H         PUBLIC        _LOG
  C:070FH         PUBLIC        _LOG10
  -------         ENDMOD        LOG

  -------         MODULE        ?C?LMUL
  C:0449H         PUBLIC        ?C?LMUL
  -------         ENDMOD        ?C?LMUL

  -------         MODULE        ?C?LNEG
  C:0498H         PUBLIC        ?C?LNEG
  -------         ENDMOD        ?C?LNEG

  -------         MODULE        ?C?LLDCODE
  C:04A6H         PUBLIC        ?C?LLDCODE
  -------         ENDMOD        ?C?LLDCODE

  -------         MODULE        ?C?LLDCODE0
  C:04B6H         PUBLIC        ?C?LLDCODE0
  -------         ENDMOD        ?C?LLDCODE0

  -------         MODULE        ?C?LLDIIDATA
  C:04CFH         PUBLIC        ?C?LLDIIDATA
  C:04C6H         PUBLIC        ?C?LLDIIDATA1
  C:04C8H         PUBLIC        ?C?LLDIIDATA8
  -------         ENDMOD        ?C?LLDIIDATA

*** WARNING L16: UNCALLED SEGMENT, IGNORED FOR OVERLAY PROCESS
    SEGMENT: ?PR?SEND_DATA_BBACK?MAIN

Program Size: data=78.2 xdata=0 code=3745
LINK/LOCATE RUN COMPLETE.  1 WARNING(S),  0 ERROR(S)
